Component: ARM Compiler 5.06 update 7 (build 960) Tool: armlink [4d3601]

==============================================================================

Section Cross References

    startup_gd32f450_470.o(RESET) refers to startup_gd32f450_470.o(STACK) for __initial_sp
    startup_gd32f450_470.o(RESET) refers to startup_gd32f450_470.o(.text) for Reset_Handler
    startup_gd32f450_470.o(RESET) refers to gd32f4xx_it.o(i.NMI_Handler) for NMI_Handler
    startup_gd32f450_470.o(RESET) refers to gd32f4xx_it.o(i.HardFault_Handler) for HardFault_Handler
    startup_gd32f450_470.o(RESET) refers to gd32f4xx_it.o(i.MemManage_Handler) for MemManage_Handler
    startup_gd32f450_470.o(RESET) refers to gd32f4xx_it.o(i.BusFault_Handler) for BusFault_Handler
    startup_gd32f450_470.o(RESET) refers to gd32f4xx_it.o(i.UsageFault_Handler) for UsageFault_Handler
    startup_gd32f450_470.o(RESET) refers to port.o(.emb_text) for SVC_Handler
    startup_gd32f450_470.o(RESET) refers to gd32f4xx_it.o(i.DebugMon_Handler) for DebugMon_Handler
    startup_gd32f450_470.o(RESET) refers to gd32f4xx_it.o(i.SysTick_Handler) for SysTick_Handler
    startup_gd32f450_470.o(.text) refers to system_gd32f4xx.o(i.SystemInit) for SystemInit
    startup_gd32f450_470.o(.text) refers to entry.o(.ARM.Collect$$$$00000000) for __main
    gd32f4xx_adc.o(i.adc_deinit) refers to gd32f4xx_rcu.o(i.rcu_periph_reset_enable) for rcu_periph_reset_enable
    gd32f4xx_adc.o(i.adc_deinit) refers to gd32f4xx_rcu.o(i.rcu_periph_reset_disable) for rcu_periph_reset_disable
    gd32f4xx_can.o(i.can_debug_freeze_disable) refers to gd32f4xx_dbg.o(i.dbg_periph_disable) for dbg_periph_disable
    gd32f4xx_can.o(i.can_debug_freeze_enable) refers to gd32f4xx_dbg.o(i.dbg_periph_enable) for dbg_periph_enable
    gd32f4xx_can.o(i.can_deinit) refers to gd32f4xx_rcu.o(i.rcu_periph_reset_enable) for rcu_periph_reset_enable
    gd32f4xx_can.o(i.can_deinit) refers to gd32f4xx_rcu.o(i.rcu_periph_reset_disable) for rcu_periph_reset_disable
    gd32f4xx_can.o(i.can_interrupt_flag_get) refers to gd32f4xx_can.o(i.can_receive_message_length_get) for can_receive_message_length_get
    gd32f4xx_can.o(i.can_interrupt_flag_get) refers to gd32f4xx_can.o(i.can_error_get) for can_error_get
    gd32f4xx_ctc.o(i.ctc_deinit) refers to gd32f4xx_rcu.o(i.rcu_periph_reset_enable) for rcu_periph_reset_enable
    gd32f4xx_ctc.o(i.ctc_deinit) refers to gd32f4xx_rcu.o(i.rcu_periph_reset_disable) for rcu_periph_reset_disable
    gd32f4xx_dac.o(i.dac_deinit) refers to gd32f4xx_rcu.o(i.rcu_periph_reset_enable) for rcu_periph_reset_enable
    gd32f4xx_dac.o(i.dac_deinit) refers to gd32f4xx_rcu.o(i.rcu_periph_reset_disable) for rcu_periph_reset_disable
    gd32f4xx_dci.o(i.dci_deinit) refers to gd32f4xx_rcu.o(i.rcu_periph_reset_enable) for rcu_periph_reset_enable
    gd32f4xx_dci.o(i.dci_deinit) refers to gd32f4xx_rcu.o(i.rcu_periph_reset_disable) for rcu_periph_reset_disable
    gd32f4xx_enet.o(i.enet_deinit) refers to gd32f4xx_rcu.o(i.rcu_periph_reset_enable) for rcu_periph_reset_enable
    gd32f4xx_enet.o(i.enet_deinit) refers to gd32f4xx_rcu.o(i.rcu_periph_reset_disable) for rcu_periph_reset_disable
    gd32f4xx_enet.o(i.enet_deinit) refers to gd32f4xx_enet.o(i.enet_initpara_reset) for enet_initpara_reset
    gd32f4xx_enet.o(i.enet_descriptors_chain_init) refers to gd32f4xx_enet.o(.data) for .data
    gd32f4xx_enet.o(i.enet_descriptors_chain_init) refers to gd32f4xx_enet.o(.bss) for .bss
    gd32f4xx_enet.o(i.enet_descriptors_ring_init) refers to gd32f4xx_enet.o(.data) for .data
    gd32f4xx_enet.o(i.enet_descriptors_ring_init) refers to gd32f4xx_enet.o(.bss) for .bss
    gd32f4xx_enet.o(i.enet_disable) refers to gd32f4xx_enet.o(i.enet_tx_disable) for enet_tx_disable
    gd32f4xx_enet.o(i.enet_disable) refers to gd32f4xx_enet.o(i.enet_rx_disable) for enet_rx_disable
    gd32f4xx_enet.o(i.enet_enable) refers to gd32f4xx_enet.o(i.enet_tx_enable) for enet_tx_enable
    gd32f4xx_enet.o(i.enet_enable) refers to gd32f4xx_enet.o(i.enet_rx_enable) for enet_rx_enable
    gd32f4xx_enet.o(i.enet_frame_receive) refers to gd32f4xx_enet.o(.data) for .data
    gd32f4xx_enet.o(i.enet_frame_transmit) refers to gd32f4xx_enet.o(.data) for .data
    gd32f4xx_enet.o(i.enet_init) refers to gd32f4xx_enet.o(i.enet_phy_config) for enet_phy_config
    gd32f4xx_enet.o(i.enet_init) refers to gd32f4xx_enet.o(i.enet_delay) for enet_delay
    gd32f4xx_enet.o(i.enet_init) refers to gd32f4xx_enet.o(i.enet_phy_write_read) for enet_phy_write_read
    gd32f4xx_enet.o(i.enet_init) refers to gd32f4xx_enet.o(.bss) for .bss
    gd32f4xx_enet.o(i.enet_initpara_config) refers to gd32f4xx_enet.o(.bss) for .bss
    gd32f4xx_enet.o(i.enet_initpara_reset) refers to gd32f4xx_enet.o(.bss) for .bss
    gd32f4xx_enet.o(i.enet_phy_config) refers to gd32f4xx_rcu.o(i.rcu_clock_freq_get) for rcu_clock_freq_get
    gd32f4xx_enet.o(i.enet_phy_config) refers to gd32f4xx_enet.o(i.enet_phy_write_read) for enet_phy_write_read
[...]
    Removing gd32f4xx_ctc.o(i.ctc_counter_disable), (16 bytes).
    Removing gd32f4xx_ctc.o(i.ctc_counter_enable), (16 bytes).
    Removing gd32f4xx_ctc.o(i.ctc_counter_reload_value_config), (24 bytes).
    Removing gd32f4xx_ctc.o(i.ctc_counter_reload_value_read), (12 bytes).
    Removing gd32f4xx_ctc.o(i.ctc_deinit), (22 bytes).
    Removing gd32f4xx_ctc.o(i.ctc_flag_clear), (32 bytes).
    Removing gd32f4xx_ctc.o(i.ctc_flag_get), (20 bytes).
    Removing gd32f4xx_ctc.o(i.ctc_hardware_trim_mode_config), (24 bytes).
    Removing gd32f4xx_ctc.o(i.ctc_interrupt_disable), (16 bytes).
    Removing gd32f4xx_ctc.o(i.ctc_interrupt_enable), (16 bytes).
    Removing gd32f4xx_ctc.o(i.ctc_interrupt_flag_clear), (32 bytes).
    Removing gd32f4xx_ctc.o(i.ctc_interrupt_flag_get), (44 bytes).
    Removing gd32f4xx_ctc.o(i.ctc_irc48m_trim_value_config), (24 bytes).
    Removing gd32f4xx_ctc.o(i.ctc_irc48m_trim_value_read), (16 bytes).
    Removing gd32f4xx_ctc.o(i.ctc_refsource_polarity_config), (24 bytes).
    Removing gd32f4xx_ctc.o(i.ctc_refsource_prescaler_config), (24 bytes).
    Removing gd32f4xx_ctc.o(i.ctc_refsource_signal_select), (24 bytes).
    Removing gd32f4xx_ctc.o(i.ctc_software_refsource_pulse_generate), (16 bytes).
    Removing gd32f4xx_dac.o(.rev16_text), (4 bytes).
    Removing gd32f4xx_dac.o(.revsh_text), (4 bytes).
    Removing gd32f4xx_dac.o(i.dac_concurrent_data_set), (44 bytes).
    Removing gd32f4xx_dac.o(i.dac_concurrent_disable), (16 bytes).
    Removing gd32f4xx_dac.o(i.dac_concurrent_enable), (16 bytes).
    Removing gd32f4xx_dac.o(i.dac_concurrent_interrupt_disable), (16 bytes).
    Removing gd32f4xx_dac.o(i.dac_concurrent_interrupt_enable), (16 bytes).
    Removing gd32f4xx_dac.o(i.dac_concurrent_output_buffer_disable), (16 bytes).
    Removing gd32f4xx_dac.o(i.dac_concurrent_output_buffer_enable), (16 bytes).
    Removing gd32f4xx_dac.o(i.dac_concurrent_software_trigger_disable), (16 bytes).
    Removing gd32f4xx_dac.o(i.dac_concurrent_software_trigger_enable), (16 bytes).
    Removing gd32f4xx_dac.o(i.dac_data_set), (64 bytes).
    Removing gd32f4xx_dac.o(i.dac_deinit), (22 bytes).
    Removing gd32f4xx_dac.o(i.dac_disable), (28 bytes).
    Removing gd32f4xx_dac.o(i.dac_dma_disable), (28 bytes).
    Removing gd32f4xx_dac.o(i.dac_dma_enable), (28 bytes).
    Removing gd32f4xx_dac.o(i.dac_enable), (28 bytes).
    Removing gd32f4xx_dac.o(i.dac_flag_clear), (28 bytes).
    Removing gd32f4xx_dac.o(i.dac_flag_get), (32 bytes).
    Removing gd32f4xx_dac.o(i.dac_interrupt_disable), (28 bytes).
    Removing gd32f4xx_dac.o(i.dac_interrupt_enable), (28 bytes).
    Removing gd32f4xx_dac.o(i.dac_interrupt_flag_clear), (28 bytes).
    Removing gd32f4xx_dac.o(i.dac_interrupt_flag_get), (56 bytes).
    Removing gd32f4xx_dac.o(i.dac_lfsr_noise_config), (40 bytes).
    Removing gd32f4xx_dac.o(i.dac_output_buffer_disable), (28 bytes).
    Removing gd32f4xx_dac.o(i.dac_output_buffer_enable), (28 bytes).
    Removing gd32f4xx_dac.o(i.dac_output_value_get), (20 bytes).
    Removing gd32f4xx_dac.o(i.dac_software_trigger_disable), (28 bytes).
    Removing gd32f4xx_dac.o(i.dac_software_trigger_enable), (28 bytes).
    Removing gd32f4xx_dac.o(i.dac_triangle_noise_config), (40 bytes).
    Removing gd32f4xx_dac.o(i.dac_trigger_disable), (28 bytes).
    Removing gd32f4xx_dac.o(i.dac_trigger_enable), (28 bytes).
    Removing gd32f4xx_dac.o(i.dac_trigger_source_config), (40 bytes).
    Removing gd32f4xx_dac.o(i.dac_wave_bit_width_config), (40 bytes).
    Removing gd32f4xx_dac.o(i.dac_wave_mode_config), (40 bytes).
    Removing gd32f4xx_dbg.o(.rev16_text), (4 bytes).
    Removing gd32f4xx_dbg.o(.revsh_text), (4 bytes).
    Removing gd32f4xx_dbg.o(i.dbg_deinit), (16 bytes).
    Removing gd32f4xx_dbg.o(i.dbg_id_get), (12 bytes).
    Removing gd32f4xx_dbg.o(i.dbg_low_power_disable), (16 bytes).
    Removing gd32f4xx_dbg.o(i.dbg_low_power_enable), (16 bytes).
    Removing gd32f4xx_dbg.o(i.dbg_periph_disable), (28 bytes).
    Removing gd32f4xx_dbg.o(i.dbg_periph_enable), (28 bytes).
    Removing gd32f4xx_dbg.o(i.dbg_trace_pin_disable), (16 bytes).
    Removing gd32f4xx_dbg.o(i.dbg_trace_pin_enable), (16 bytes).
    Removing gd32f4xx_dci.o(.rev16_text), (4 bytes).
    Removing gd32f4xx_dci.o(.revsh_text), (4 bytes).
    Removing gd32f4xx_dci.o(i.dci_capture_disable), (16 bytes).
    Removing gd32f4xx_dci.o(i.dci_capture_enable), (16 bytes).
    Removing gd32f4xx_dci.o(i.dci_crop_window_config), (20 bytes).
    Removing gd32f4xx_dci.o(i.dci_crop_window_disable), (16 bytes).
    Removing gd32f4xx_dci.o(i.dci_crop_window_enable), (16 bytes).
    Removing gd32f4xx_dci.o(i.dci_data_read), (12 bytes).
    Removing gd32f4xx_dci.o(i.dci_deinit), (22 bytes).
    Removing gd32f4xx_dci.o(i.dci_disable), (16 bytes).
    Removing gd32f4xx_dci.o(i.dci_embedded_sync_disable), (16 bytes).
    Removing gd32f4xx_dci.o(i.dci_embedded_sync_enable), (16 bytes).
    Removing gd32f4xx_dci.o(i.dci_enable), (16 bytes).
    Removing gd32f4xx_dci.o(i.dci_flag_get), (24 bytes).
    Removing gd32f4xx_dci.o(i.dci_init), (44 bytes).
    Removing gd32f4xx_dci.o(i.dci_interrupt_disable), (16 bytes).
    Removing gd32f4xx_dci.o(i.dci_interrupt_enable), (16 bytes).
    Removing gd32f4xx_dci.o(i.dci_interrupt_flag_clear), (16 bytes).
    Removing gd32f4xx_dci.o(i.dci_interrupt_flag_get), (20 bytes).
    Removing gd32f4xx_dci.o(i.dci_jpeg_disable), (16 bytes).
    Removing gd32f4xx_dci.o(i.dci_jpeg_enable), (16 bytes).
    Removing gd32f4xx_dci.o(i.dci_sync_codes_config), (24 bytes).
    Removing gd32f4xx_dci.o(i.dci_sync_codes_unmask_config), (24 bytes).
    Removing gd32f4xx_dma.o(.rev16_text), (4 bytes).
    Removing gd32f4xx_dma.o(.revsh_text), (4 bytes).
    Removing gd32f4xx_dma.o(i.dma_channel_disable), (18 bytes).
    Removing gd32f4xx_dma.o(i.dma_circulation_disable), (18 bytes).
    Removing gd32f4xx_dma.o(i.dma_circulation_enable), (18 bytes).
    Removing gd32f4xx_dma.o(i.dma_fifo_status_get), (16 bytes).
    Removing gd32f4xx_dma.o(i.dma_flag_get), (56 bytes).
    Removing gd32f4xx_dma.o(i.dma_flow_controller_config), (26 bytes).
    Removing gd32f4xx_dma.o(i.dma_interrupt_disable), (30 bytes).
    Removing gd32f4xx_dma.o(i.dma_interrupt_enable), (30 bytes).
    Removing gd32f4xx_dma.o(i.dma_interrupt_flag_clear), (54 bytes).
    Removing gd32f4xx_dma.o(i.dma_interrupt_flag_get), (196 bytes).
    Removing gd32f4xx_dma.o(i.dma_memory_address_config), (18 bytes).
    Removing gd32f4xx_dma.o(i.dma_memory_address_generation_config), (26 bytes).
    Removing gd32f4xx_dma.o(i.dma_memory_burst_beats_config), (20 bytes).
    Removing gd32f4xx_dma.o(i.dma_memory_width_config), (20 bytes).
    Removing gd32f4xx_dma.o(i.dma_multi_data_mode_init), (144 bytes).
    Removing gd32f4xx_dma.o(i.dma_multi_data_para_struct_init), (30 bytes).
    Removing gd32f4xx_dma.o(i.dma_periph_address_config), (12 bytes).
    Removing gd32f4xx_dma.o(i.dma_periph_burst_beats_config), (20 bytes).
    Removing gd32f4xx_dma.o(i.dma_periph_width_config), (20 bytes).
    Removing gd32f4xx_dma.o(i.dma_peripheral_address_generation_config), (46 bytes).
    Removing gd32f4xx_dma.o(i.dma_priority_config), (20 bytes).
    Removing gd32f4xx_dma.o(i.dma_single_data_para_struct_init), (24 bytes).
    Removing gd32f4xx_dma.o(i.dma_switch_buffer_mode_config), (28 bytes).
    Removing gd32f4xx_dma.o(i.dma_switch_buffer_mode_enable), (28 bytes).
    Removing gd32f4xx_dma.o(i.dma_transfer_direction_config), (20 bytes).
    Removing gd32f4xx_dma.o(i.dma_transfer_number_config), (12 bytes).
    Removing gd32f4xx_dma.o(i.dma_transfer_number_get), (12 bytes).
    Removing gd32f4xx_dma.o(i.dma_using_memory_get), (22 bytes).
    Removing gd32f4xx_enet.o(.rev16_text), (4 bytes).
    Removing gd32f4xx_enet.o(.revsh_text), (4 bytes).
    Removing gd32f4xx_enet.o(i.enet_address_filter_config), (24 bytes).
    Removing gd32f4xx_enet.o(i.enet_address_filter_disable), (20 bytes).
    Removing gd32f4xx_enet.o(i.enet_address_filter_enable), (20 bytes).
    Removing gd32f4xx_enet.o(i.enet_current_desc_address_get), (12 bytes).
    Removing gd32f4xx_enet.o(i.enet_debug_status_get), (92 bytes).
    Removing gd32f4xx_enet.o(i.enet_deinit), (26 bytes).
    Removing gd32f4xx_enet.o(i.enet_delay), (14 bytes).
    Removing gd32f4xx_enet.o(i.enet_desc_flag_clear), (8 bytes).
    Removing gd32f4xx_enet.o(i.enet_desc_flag_get), (14 bytes).
    Removing gd32f4xx_enet.o(i.enet_desc_flag_set), (8 bytes).
    Removing gd32f4xx_enet.o(i.enet_desc_information_get), (84 bytes).
    Removing gd32f4xx_enet.o(i.enet_desc_select_normal_mode), (16 bytes).
    Removing gd32f4xx_enet.o(i.enet_descriptors_chain_init), (136 bytes).
    Removing gd32f4xx_enet.o(i.enet_descriptors_ring_init), (160 bytes).
    Removing gd32f4xx_enet.o(i.enet_disable), (14 bytes).
    Removing gd32f4xx_enet.o(i.enet_dma_feature_disable), (16 bytes).
    Removing gd32f4xx_enet.o(i.enet_dma_feature_enable), (16 bytes).
    Removing gd32f4xx_enet.o(i.enet_dmaprocess_resume), (24 bytes).
    Removing gd32f4xx_enet.o(i.enet_dmaprocess_state_get), (12 bytes).
    Removing gd32f4xx_enet.o(i.enet_enable), (14 bytes).
    Removing gd32f4xx_enet.o(i.enet_flag_clear), (24 bytes).
    Removing gd32f4xx_enet.o(i.enet_flag_get), (32 bytes).
    Removing gd32f4xx_enet.o(i.enet_fliter_feature_disable), (16 bytes).
    Removing gd32f4xx_enet.o(i.enet_fliter_feature_enable), (16 bytes).
    Removing gd32f4xx_enet.o(i.enet_flowcontrol_feature_disable), (32 bytes).
    Removing gd32f4xx_enet.o(i.enet_flowcontrol_feature_enable), (32 bytes).
    Removing gd32f4xx_enet.o(i.enet_flowcontrol_threshold_config), (16 bytes).
    Removing gd32f4xx_enet.o(i.enet_forward_feature_disable), (40 bytes).
    Removing gd32f4xx_enet.o(i.enet_forward_feature_enable), (40 bytes).
    Removing gd32f4xx_enet.o(i.enet_frame_receive), (144 bytes).
    Removing gd32f4xx_enet.o(i.enet_frame_transmit), (124 bytes).
    Removing gd32f4xx_enet.o(i.enet_init), (704 bytes).
    Removing gd32f4xx_enet.o(i.enet_initpara_config), (228 bytes).
    Removing gd32f4xx_enet.o(i.enet_initpara_reset), (40 bytes).
    Removing gd32f4xx_enet.o(i.enet_interrupt_disable), (44 bytes).
    Removing gd32f4xx_enet.o(i.enet_interrupt_enable), (44 bytes).
    Removing gd32f4xx_enet.o(i.enet_interrupt_flag_clear), (24 bytes).
    Removing gd32f4xx_enet.o(i.enet_interrupt_flag_get), (32 bytes).
    Removing gd32f4xx_enet.o(i.enet_mac_address_get), (44 bytes).
    Removing gd32f4xx_enet.o(i.enet_mac_address_set), (36 bytes).
    Removing gd32f4xx_enet.o(i.enet_missed_frame_counter_get), (20 bytes).
    Removing gd32f4xx_enet.o(i.enet_msc_counters_get), (12 bytes).
    Removing gd32f4xx_enet.o(i.enet_msc_counters_preset_config), (32 bytes).
    Removing gd32f4xx_enet.o(i.enet_msc_counters_reset), (20 bytes).
    Removing gd32f4xx_enet.o(i.enet_msc_feature_disable), (20 bytes).
    Removing gd32f4xx_enet.o(i.enet_msc_feature_enable), (20 bytes).
    Removing gd32f4xx_enet.o(i.enet_pauseframe_config), (32 bytes).
    Removing gd32f4xx_enet.o(i.enet_pauseframe_detect_config), (24 bytes).
    Removing gd32f4xx_enet.o(i.enet_pauseframe_generate), (28 bytes).
    Removing gd32f4xx_enet.o(i.enet_phy_config), (208 bytes).
    Removing gd32f4xx_enet.o(i.enet_phy_write_read), (100 bytes).
    Removing gd32f4xx_enet.o(i.enet_phyloopback_disable), (44 bytes).
    Removing gd32f4xx_enet.o(i.enet_phyloopback_enable), (44 bytes).
    Removing gd32f4xx_enet.o(i.enet_ptp_expected_time_config), (16 bytes).
    Removing gd32f4xx_enet.o(i.enet_ptp_feature_disable), (16 bytes).
    Removing gd32f4xx_enet.o(i.enet_ptp_feature_enable), (16 bytes).
    Removing gd32f4xx_enet.o(i.enet_ptp_normal_descriptors_chain_init), (164 bytes).
    Removing gd32f4xx_enet.o(i.enet_ptp_normal_descriptors_ring_init), (192 bytes).
    Removing gd32f4xx_enet.o(i.enet_ptp_pps_output_frequency_config), (12 bytes).
    Removing gd32f4xx_enet.o(i.enet_ptp_subsecond_increment_config), (12 bytes).
    Removing gd32f4xx_enet.o(i.enet_ptp_system_time_get), (28 bytes).
    Removing gd32f4xx_enet.o(i.enet_ptp_timestamp_addend_config), (12 bytes).
    Removing gd32f4xx_enet.o(i.enet_ptp_timestamp_function_config), (180 bytes).
    Removing gd32f4xx_enet.o(i.enet_ptp_timestamp_update_config), (20 bytes).
    Removing gd32f4xx_enet.o(i.enet_ptpframe_receive_normal_mode), (188 bytes).
    Removing gd32f4xx_enet.o(i.enet_ptpframe_transmit_normal_mode), (200 bytes).
    Removing gd32f4xx_enet.o(i.enet_registers_get), (44 bytes).
    Removing gd32f4xx_enet.o(i.enet_rx_desc_delay_receive_complete_interrupt), (20 bytes).
    Removing gd32f4xx_enet.o(i.enet_rx_desc_immediate_receive_complete_interrupt), (10 bytes).
    Removing gd32f4xx_enet.o(i.enet_rx_disable), (32 bytes).
    Removing gd32f4xx_enet.o(i.enet_rx_enable), (32 bytes).
    Removing gd32f4xx_enet.o(i.enet_rxframe_drop), (92 bytes).
    Removing gd32f4xx_enet.o(i.enet_rxframe_size_get), (76 bytes).
    Removing gd32f4xx_enet.o(i.enet_rxprocess_check_recovery), (40 bytes).
    Removing gd32f4xx_enet.o(i.enet_software_reset), (52 bytes).
    Removing gd32f4xx_enet.o(i.enet_transmit_checksum_config), (12 bytes).
    Removing gd32f4xx_enet.o(i.enet_tx_disable), (36 bytes).
    Removing gd32f4xx_enet.o(i.enet_tx_enable), (36 bytes).
    Removing gd32f4xx_enet.o(i.enet_txfifo_flush), (48 bytes).
    Removing gd32f4xx_enet.o(i.enet_wum_feature_disable), (16 bytes).
    Removing gd32f4xx_enet.o(i.enet_wum_feature_enable), (16 bytes).
    Removing gd32f4xx_enet.o(i.enet_wum_filter_config), (24 bytes).
    Removing gd32f4xx_enet.o(i.enet_wum_filter_register_pointer_reset), (16 bytes).
    Removing gd32f4xx_enet.o(.bss), (15460 bytes).
    Removing gd32f4xx_enet.o(.constdata), (116 bytes).
    Removing gd32f4xx_enet.o(.data), (20 bytes).
    Removing gd32f4xx_exmc.o(.rev16_text), (4 bytes).
    Removing gd32f4xx_exmc.o(.revsh_text), (4 bytes).
    Removing gd32f4xx_exmc.o(i.exmc_ecc_get), (10 bytes).
    Removing gd32f4xx_exmc.o(i.exmc_flag_clear), (42 bytes).
    Removing gd32f4xx_exmc.o(i.exmc_flag_get), (42 bytes).
    Removing gd32f4xx_exmc.o(i.exmc_interrupt_disable), (44 bytes).
    Removing gd32f4xx_exmc.o(i.exmc_interrupt_enable), (44 bytes).
    Removing gd32f4xx_exmc.o(i.exmc_interrupt_flag_clear), (46 bytes).
    Removing gd32f4xx_exmc.o(i.exmc_interrupt_flag_get), (56 bytes).
    Removing gd32f4xx_exmc.o(i.exmc_nand_deinit), (24 bytes).
    Removing gd32f4xx_exmc.o(i.exmc_nand_disable), (16 bytes).
    Removing gd32f4xx_exmc.o(i.exmc_nand_ecc_config), (26 bytes).
    Removing gd32f4xx_exmc.o(i.exmc_nand_enable), (16 bytes).
    Removing gd32f4xx_exmc.o(i.exmc_nand_init), (134 bytes).
    Removing gd32f4xx_exmc.o(i.exmc_nand_struct_para_init), (54 bytes).
    Removing gd32f4xx_exmc.o(i.exmc_norsram_consecutive_clock_config), (26 bytes).
    Removing gd32f4xx_exmc.o(i.exmc_norsram_deinit), (24 bytes).
    Removing gd32f4xx_exmc.o(i.exmc_norsram_disable), (16 bytes).
    Removing gd32f4xx_exmc.o(i.exmc_norsram_page_size_config), (22 bytes).
    Removing gd32f4xx_exmc.o(i.exmc_norsram_struct_para_init), (90 bytes).
    Removing gd32f4xx_exmc.o(i.exmc_pccard_deinit), (26 bytes).
    Removing gd32f4xx_exmc.o(i.exmc_pccard_disable), (16 bytes).
    Removing gd32f4xx_exmc.o(i.exmc_pccard_enable), (16 bytes).
    Removing gd32f4xx_exmc.o(i.exmc_pccard_init), (136 bytes).
    Removing gd32f4xx_exmc.o(i.exmc_pccard_struct_para_init), (60 bytes).
    Removing gd32f4xx_exmc.o(i.exmc_sdram_autorefresh_number_set), (28 bytes).
    Removing gd32f4xx_exmc.o(i.exmc_sdram_bankstatus_get), (24 bytes).
    Removing gd32f4xx_exmc.o(i.exmc_sdram_command_config), (24 bytes).
    Removing gd32f4xx_exmc.o(i.exmc_sdram_deinit), (42 bytes).
    Removing gd32f4xx_exmc.o(i.exmc_sdram_init), (248 bytes).
    Removing gd32f4xx_exmc.o(i.exmc_sdram_readsample_config), (22 bytes).
    Removing gd32f4xx_exmc.o(i.exmc_sdram_readsample_enable), (28 bytes).
    Removing gd32f4xx_exmc.o(i.exmc_sdram_refresh_count_set), (28 bytes).
    Removing gd32f4xx_exmc.o(i.exmc_sdram_struct_command_para_init), (14 bytes).
    Removing gd32f4xx_exmc.o(i.exmc_sdram_struct_para_init), (62 bytes).
    Removing gd32f4xx_exmc.o(i.exmc_sdram_write_protection_config), (30 bytes).
    Removing gd32f4xx_exmc.o(i.exmc_sqpipsram_deinit), (36 bytes).
    Removing gd32f4xx_exmc.o(i.exmc_sqpipsram_high_id_get), (10 bytes).
    Removing gd32f4xx_exmc.o(i.exmc_sqpipsram_init), (24 bytes).
    Removing gd32f4xx_exmc.o(i.exmc_sqpipsram_low_id_get), (10 bytes).
    Removing gd32f4xx_exmc.o(i.exmc_sqpipsram_read_command_set), (24 bytes).
    Removing gd32f4xx_exmc.o(i.exmc_sqpipsram_read_id_command_send), (18 bytes).
    Removing gd32f4xx_exmc.o(i.exmc_sqpipsram_send_command_state_get), (28 bytes).
    Removing gd32f4xx_exmc.o(i.exmc_sqpipsram_struct_para_init), (20 bytes).
    Removing gd32f4xx_exmc.o(i.exmc_sqpipsram_write_cmd_send), (18 bytes).
    Removing gd32f4xx_exmc.o(i.exmc_sqpipsram_write_command_set), (24 bytes).
    Removing gd32f4xx_exti.o(.rev16_text), (4 bytes).
    Removing gd32f4xx_exti.o(.revsh_text), (4 bytes).
    Removing gd32f4xx_exti.o(i.exti_deinit), (28 bytes).
    Removing gd32f4xx_exti.o(i.exti_event_disable), (16 bytes).
    Removing gd32f4xx_exti.o(i.exti_event_enable), (16 bytes).
    Removing gd32f4xx_exti.o(i.exti_flag_clear), (12 bytes).
    Removing gd32f4xx_exti.o(i.exti_flag_get), (20 bytes).
    Removing gd32f4xx_exti.o(i.exti_init), (104 bytes).
    Removing gd32f4xx_exti.o(i.exti_interrupt_disable), (16 bytes).
    Removing gd32f4xx_exti.o(i.exti_interrupt_enable), (16 bytes).
    Removing gd32f4xx_exti.o(i.exti_interrupt_flag_clear), (12 bytes).
    Removing gd32f4xx_exti.o(i.exti_interrupt_flag_get), (20 bytes).
    Removing gd32f4xx_exti.o(i.exti_software_interrupt_disable), (16 bytes).
    Removing gd32f4xx_exti.o(i.exti_software_interrupt_enable), (16 bytes).
    Removing gd32f4xx_fmc.o(.rev16_text), (4 bytes).
    Removing gd32f4xx_fmc.o(.revsh_text), (4 bytes).
    Removing gd32f4xx_fmc.o(i.fmc_bank0_erase), (56 bytes).
    Removing gd32f4xx_fmc.o(i.fmc_bank1_erase), (56 bytes).
    Removing gd32f4xx_fmc.o(i.fmc_byte_program), (64 bytes).
    Removing gd32f4xx_fmc.o(i.fmc_flag_clear), (12 bytes).
    Removing gd32f4xx_fmc.o(i.fmc_flag_get), (20 bytes).
    Removing gd32f4xx_fmc.o(i.fmc_halfword_program), (68 bytes).
    Removing gd32f4xx_fmc.o(i.fmc_interrupt_disable), (16 bytes).
    Removing gd32f4xx_fmc.o(i.fmc_interrupt_enable), (16 bytes).
    Removing gd32f4xx_fmc.o(i.fmc_interrupt_flag_clear), (12 bytes).
    Removing gd32f4xx_fmc.o(i.fmc_interrupt_flag_get), (48 bytes).
    Removing gd32f4xx_fmc.o(i.fmc_lock), (16 bytes).
    Removing gd32f4xx_fmc.o(i.fmc_mass_erase), (52 bytes).
    Removing gd32f4xx_fmc.o(i.fmc_page_erase), (92 bytes).
    Removing gd32f4xx_fmc.o(i.fmc_ready_wait), (28 bytes).
    Removing gd32f4xx_fmc.o(i.fmc_sector_erase), (76 bytes).
    Removing gd32f4xx_fmc.o(i.fmc_state_get), (60 bytes).
    Removing gd32f4xx_fmc.o(i.fmc_unlock), (36 bytes).
    Removing gd32f4xx_fmc.o(i.fmc_word_program), (68 bytes).
    Removing gd32f4xx_fmc.o(i.fmc_wscnt_set), (20 bytes).
    Removing gd32f4xx_fmc.o(i.ob_boot_mode_config), (20 bytes).
    Removing gd32f4xx_fmc.o(i.ob_drp0_get), (28 bytes).
    Removing gd32f4xx_fmc.o(i.ob_drp1_get), (32 bytes).
    Removing gd32f4xx_fmc.o(i.ob_drp_disable), (80 bytes).
    Removing gd32f4xx_fmc.o(i.ob_drp_enable), (92 bytes).
    Removing gd32f4xx_fmc.o(i.ob_erase), (60 bytes).
    Removing gd32f4xx_fmc.o(i.ob_lock), (16 bytes).
    Removing gd32f4xx_fmc.o(i.ob_security_protection_config), (36 bytes).
    Removing gd32f4xx_fmc.o(i.ob_spc_get), (24 bytes).
    Removing gd32f4xx_fmc.o(i.ob_start), (16 bytes).
    Removing gd32f4xx_fmc.o(i.ob_unlock), (36 bytes).
    Removing gd32f4xx_fmc.o(i.ob_user_bor_threshold), (20 bytes).
    Removing gd32f4xx_fmc.o(i.ob_user_bor_threshold_get), (16 bytes).
    Removing gd32f4xx_fmc.o(i.ob_user_get), (16 bytes).
    Removing gd32f4xx_fmc.o(i.ob_user_write), (44 bytes).
    Removing gd32f4xx_fmc.o(i.ob_write_protection0_get), (16 bytes).
    Removing gd32f4xx_fmc.o(i.ob_write_protection1_get), (16 bytes).
    Removing gd32f4xx_fmc.o(i.ob_write_protection_disable), (64 bytes).
    Removing gd32f4xx_fmc.o(i.ob_write_protection_enable), (64 bytes).
    Removing gd32f4xx_fwdgt.o(.rev16_text), (4 bytes).
    Removing gd32f4xx_fwdgt.o(.revsh_text), (4 bytes).
    Removing gd32f4xx_fwdgt.o(i.fwdgt_config), (80 bytes).
    Removing gd32f4xx_fwdgt.o(i.fwdgt_counter_reload), (16 bytes).
    Removing gd32f4xx_fwdgt.o(i.fwdgt_enable), (16 bytes).
    Removing gd32f4xx_fwdgt.o(i.fwdgt_flag_get), (20 bytes).
    Removing gd32f4xx_fwdgt.o(i.fwdgt_prescaler_value_config), (48 bytes).
    Removing gd32f4xx_fwdgt.o(i.fwdgt_reload_value_config), (52 bytes).
    Removing gd32f4xx_fwdgt.o(i.fwdgt_write_disable), (12 bytes).
    Removing gd32f4xx_fwdgt.o(i.fwdgt_write_enable), (16 bytes).
    Removing gd32f4xx_gpio.o(.rev16_text), (4 bytes).
    Removing gd32f4xx_gpio.o(.revsh_text), (4 bytes).
    Removing gd32f4xx_gpio.o(i.gpio_bit_toggle), (4 bytes).
    Removing gd32f4xx_gpio.o(i.gpio_bit_write), (10 bytes).
    Removing gd32f4xx_gpio.o(i.gpio_deinit), (104 bytes).
    Removing gd32f4xx_gpio.o(i.gpio_input_port_get), (6 bytes).
    Removing gd32f4xx_gpio.o(i.gpio_output_bit_get), (10 bytes).
    Removing gd32f4xx_gpio.o(i.gpio_output_port_get), (6 bytes).
    Removing gd32f4xx_gpio.o(i.gpio_pin_lock), (16 bytes).
    Removing gd32f4xx_gpio.o(i.gpio_port_toggle), (8 bytes).
    Removing gd32f4xx_gpio.o(i.gpio_port_write), (4 bytes).
    Removing gd32f4xx_i2c.o(.rev16_text), (4 bytes).
    Removing gd32f4xx_i2c.o(.revsh_text), (4 bytes).
    Removing gd32f4xx_i2c.o(i.i2c_ack_config), (12 bytes).
    Removing gd32f4xx_i2c.o(i.i2c_ackpos_config), (12 bytes).
    Removing gd32f4xx_i2c.o(i.i2c_analog_noise_filter_disable), (10 bytes).
    Removing gd32f4xx_i2c.o(i.i2c_analog_noise_filter_enable), (10 bytes).
    Removing gd32f4xx_i2c.o(i.i2c_clock_config), (184 bytes).
    Removing gd32f4xx_i2c.o(i.i2c_data_receive), (6 bytes).
    Removing gd32f4xx_i2c.o(i.i2c_data_transmit), (4 bytes).
    Removing gd32f4xx_i2c.o(i.i2c_deinit), (60 bytes).
    Removing gd32f4xx_i2c.o(i.i2c_digital_noise_filter_config), (8 bytes).
    Removing gd32f4xx_i2c.o(i.i2c_disable), (10 bytes).
    Removing gd32f4xx_i2c.o(i.i2c_dma_config), (12 bytes).
    Removing gd32f4xx_i2c.o(i.i2c_dma_last_transfer_config), (12 bytes).
    Removing gd32f4xx_i2c.o(i.i2c_dualaddr_disable), (10 bytes).
    Removing gd32f4xx_i2c.o(i.i2c_dualaddr_enable), (12 bytes).
    Removing gd32f4xx_i2c.o(i.i2c_enable), (10 bytes).
    Removing gd32f4xx_i2c.o(i.i2c_flag_clear), (34 bytes).
    Removing gd32f4xx_i2c.o(i.i2c_flag_get), (22 bytes).
    Removing gd32f4xx_i2c.o(i.i2c_interrupt_disable), (20 bytes).
    Removing gd32f4xx_i2c.o(i.i2c_interrupt_enable), (20 bytes).
    Removing gd32f4xx_i2c.o(i.i2c_interrupt_flag_clear), (36 bytes).
    Removing gd32f4xx_i2c.o(i.i2c_interrupt_flag_get), (84 bytes).
    Removing gd32f4xx_i2c.o(i.i2c_master_addressing), (18 bytes).
    Removing gd32f4xx_i2c.o(i.i2c_mode_addr_config), (22 bytes).
    Removing gd32f4xx_i2c.o(i.i2c_pec_config), (12 bytes).
    Removing gd32f4xx_i2c.o(i.i2c_pec_transfer_config), (12 bytes).
    Removing gd32f4xx_i2c.o(i.i2c_pec_value_get), (8 bytes).
    Removing gd32f4xx_i2c.o(i.i2c_sam_disable), (12 bytes).
    Removing gd32f4xx_i2c.o(i.i2c_sam_enable), (12 bytes).
    Removing gd32f4xx_i2c.o(i.i2c_sam_timeout_disable), (12 bytes).
    Removing gd32f4xx_i2c.o(i.i2c_sam_timeout_enable), (12 bytes).
    Removing gd32f4xx_i2c.o(i.i2c_slave_response_to_gcall_config), (12 bytes).
    Removing gd32f4xx_i2c.o(i.i2c_smbus_alert_config), (12 bytes).
    Removing gd32f4xx_i2c.o(i.i2c_smbus_arp_config), (12 bytes).
    Removing gd32f4xx_i2c.o(i.i2c_smbus_type_config), (20 bytes).
    Removing gd32f4xx_i2c.o(i.i2c_software_reset_config), (12 bytes).
    Removing gd32f4xx_i2c.o(i.i2c_start_on_bus), (10 bytes).
    Removing gd32f4xx_i2c.o(i.i2c_stop_on_bus), (10 bytes).
    Removing gd32f4xx_i2c.o(i.i2c_stretch_scl_low_config), (12 bytes).
    Removing gd32f4xx_ipa.o(.rev16_text), (4 bytes).
    Removing gd32f4xx_ipa.o(.revsh_text), (4 bytes).
    Removing gd32f4xx_ipa.o(i.ipa_background_init), (128 bytes).
    Removing gd32f4xx_ipa.o(i.ipa_background_lut_init), (76 bytes).
    Removing gd32f4xx_ipa.o(i.ipa_background_lut_loading_enable), (16 bytes).
    Removing gd32f4xx_ipa.o(i.ipa_background_struct_para_init), (20 bytes).
    Removing gd32f4xx_ipa.o(i.ipa_deinit), (22 bytes).
    Removing gd32f4xx_ipa.o(i.ipa_destination_init), (240 bytes).
    Removing gd32f4xx_ipa.o(i.ipa_destination_struct_para_init), (22 bytes).
    Removing gd32f4xx_ipa.o(i.ipa_flag_clear), (16 bytes).
    Removing gd32f4xx_ipa.o(i.ipa_flag_get), (20 bytes).
    Removing gd32f4xx_ipa.o(i.ipa_foreground_init), (128 bytes).
    Removing gd32f4xx_ipa.o(i.ipa_foreground_lut_init), (76 bytes).
    Removing gd32f4xx_ipa.o(i.ipa_foreground_lut_loading_enable), (16 bytes).
    Removing gd32f4xx_ipa.o(i.ipa_foreground_struct_para_init), (20 bytes).
    Removing gd32f4xx_ipa.o(i.ipa_inter_timer_config), (28 bytes).
    Removing gd32f4xx_ipa.o(i.ipa_interrupt_disable), (16 bytes).
    Removing gd32f4xx_ipa.o(i.ipa_interrupt_enable), (16 bytes).
    Removing gd32f4xx_ipa.o(i.ipa_interrupt_flag_clear), (16 bytes).
    Removing gd32f4xx_ipa.o(i.ipa_interrupt_flag_get), (20 bytes).
    Removing gd32f4xx_ipa.o(i.ipa_interval_clock_num_config), (24 bytes).
    Removing gd32f4xx_ipa.o(i.ipa_line_mark_config), (20 bytes).
    Removing gd32f4xx_ipa.o(i.ipa_pixel_format_convert_mode_set), (24 bytes).
    Removing gd32f4xx_ipa.o(i.ipa_transfer_enable), (16 bytes).
    Removing gd32f4xx_ipa.o(i.ipa_transfer_hangup_disable), (16 bytes).
    Removing gd32f4xx_ipa.o(i.ipa_transfer_hangup_enable), (16 bytes).
    Removing gd32f4xx_ipa.o(i.ipa_transfer_stop_disable), (16 bytes).
    Removing gd32f4xx_ipa.o(i.ipa_transfer_stop_enable), (16 bytes).
    Removing gd32f4xx_iref.o(.rev16_text), (4 bytes).
    Removing gd32f4xx_iref.o(.revsh_text), (4 bytes).
    Removing gd32f4xx_iref.o(i.iref_deinit), (22 bytes).
    Removing gd32f4xx_iref.o(i.iref_disable), (16 bytes).
    Removing gd32f4xx_iref.o(i.iref_enable), (16 bytes).
    Removing gd32f4xx_iref.o(i.iref_mode_set), (24 bytes).
    Removing gd32f4xx_iref.o(i.iref_precision_trim_value_set), (24 bytes).
    Removing gd32f4xx_iref.o(i.iref_sink_set), (24 bytes).
    Removing gd32f4xx_iref.o(i.iref_step_data_config), (24 bytes).
    Removing gd32f4xx_misc.o(.rev16_text), (4 bytes).
    Removing gd32f4xx_misc.o(.revsh_text), (4 bytes).
    Removing gd32f4xx_misc.o(i.nvic_irq_disable), (22 bytes).
    Removing gd32f4xx_misc.o(i.nvic_irq_enable), (148 bytes).
    Removing gd32f4xx_misc.o(i.nvic_vector_table_set), (24 bytes).
    Removing gd32f4xx_misc.o(i.system_lowpower_reset), (16 bytes).
    Removing gd32f4xx_misc.o(i.system_lowpower_set), (16 bytes).
    Removing gd32f4xx_misc.o(i.systick_clksource_set), (24 bytes).
    Removing gd32f4xx_pmu.o(.rev16_text), (4 bytes).
    Removing gd32f4xx_pmu.o(.revsh_text), (4 bytes).
    Removing gd32f4xx_pmu.o(i.pmu_backup_ldo_config), (24 bytes).
    Removing gd32f4xx_pmu.o(i.pmu_backup_write_disable), (16 bytes).
    Removing gd32f4xx_pmu.o(i.pmu_backup_write_enable), (16 bytes).
    Removing gd32f4xx_pmu.o(i.pmu_deinit), (22 bytes).
    Removing gd32f4xx_pmu.o(i.pmu_flag_clear), (32 bytes).
    Removing gd32f4xx_pmu.o(i.pmu_flag_get), (20 bytes).
    Removing gd32f4xx_pmu.o(i.pmu_highdriver_mode_disable), (16 bytes).
    Removing gd32f4xx_pmu.o(i.pmu_highdriver_mode_enable), (16 bytes).
    Removing gd32f4xx_pmu.o(i.pmu_highdriver_switch_select), (40 bytes).
    Removing gd32f4xx_pmu.o(i.pmu_ldo_output_select), (24 bytes).
    Removing gd32f4xx_pmu.o(i.pmu_lowdriver_mode_disable), (16 bytes).
    Removing gd32f4xx_pmu.o(i.pmu_lowdriver_mode_enable), (16 bytes).
    Removing gd32f4xx_pmu.o(i.pmu_lowpower_driver_config), (24 bytes).
    Removing gd32f4xx_pmu.o(i.pmu_lvd_disable), (16 bytes).
    Removing gd32f4xx_pmu.o(i.pmu_lvd_select), (40 bytes).
    Removing gd32f4xx_pmu.o(i.pmu_normalpower_driver_config), (24 bytes).
    Removing gd32f4xx_pmu.o(i.pmu_to_deepsleepmode), (184 bytes).
    Removing gd32f4xx_pmu.o(i.pmu_to_sleepmode), (24 bytes).
    Removing gd32f4xx_pmu.o(i.pmu_to_standbymode), (76 bytes).
    Removing gd32f4xx_pmu.o(i.pmu_wakeup_pin_disable), (16 bytes).
    Removing gd32f4xx_pmu.o(i.pmu_wakeup_pin_enable), (16 bytes).
    Removing gd32f4xx_pmu.o(.bss), (16 bytes).
    Removing gd32f4xx_rcu.o(.rev16_text), (4 bytes).
    Removing gd32f4xx_rcu.o(.revsh_text), (4 bytes).
    Removing gd32f4xx_rcu.o(i.rcu_ahb_clock_config), (20 bytes).
    Removing gd32f4xx_rcu.o(i.rcu_all_reset_flag_clear), (16 bytes).
    Removing gd32f4xx_rcu.o(i.rcu_apb1_clock_config), (20 bytes).
    Removing gd32f4xx_rcu.o(i.rcu_apb2_clock_config), (20 bytes).
    Removing gd32f4xx_rcu.o(i.rcu_bkp_reset_disable), (16 bytes).
    Removing gd32f4xx_rcu.o(i.rcu_bkp_reset_enable), (16 bytes).
    Removing gd32f4xx_rcu.o(i.rcu_ck48m_clock_config), (20 bytes).
    Removing gd32f4xx_rcu.o(i.rcu_ckout0_config), (20 bytes).
    Removing gd32f4xx_rcu.o(i.rcu_ckout1_config), (20 bytes).
    Removing gd32f4xx_rcu.o(i.rcu_deepsleep_voltage_set), (16 bytes).
    Removing gd32f4xx_rcu.o(i.rcu_deinit), (112 bytes).
    Removing gd32f4xx_rcu.o(i.rcu_flag_get), (36 bytes).
    Removing gd32f4xx_rcu.o(i.rcu_hxtal_clock_monitor_disable), (16 bytes).
    Removing gd32f4xx_rcu.o(i.rcu_hxtal_clock_monitor_enable), (16 bytes).
    Removing gd32f4xx_rcu.o(i.rcu_i2s_clock_config), (20 bytes).
    Removing gd32f4xx_rcu.o(i.rcu_interrupt_disable), (32 bytes).
    Removing gd32f4xx_rcu.o(i.rcu_interrupt_enable), (32 bytes).
    Removing gd32f4xx_rcu.o(i.rcu_interrupt_flag_clear), (32 bytes).
    Removing gd32f4xx_rcu.o(i.rcu_interrupt_flag_get), (36 bytes).
    Removing gd32f4xx_rcu.o(i.rcu_irc16m_adjust_value_set), (24 bytes).
    Removing gd32f4xx_rcu.o(i.rcu_lxtal_drive_capability_config), (20 bytes).
    Removing gd32f4xx_rcu.o(i.rcu_osci_bypass_mode_disable), (64 bytes).
    Removing gd32f4xx_rcu.o(i.rcu_osci_bypass_mode_enable), (64 bytes).
    Removing gd32f4xx_rcu.o(i.rcu_osci_off), (32 bytes).
    Removing gd32f4xx_rcu.o(i.rcu_osci_on), (32 bytes).
    Removing gd32f4xx_rcu.o(i.rcu_osci_stab_wait), (236 bytes).
    Removing gd32f4xx_rcu.o(i.rcu_periph_clock_disable), (32 bytes).
    Removing gd32f4xx_rcu.o(i.rcu_periph_clock_sleep_disable), (32 bytes).
    Removing gd32f4xx_rcu.o(i.rcu_periph_clock_sleep_enable), (32 bytes).
    Removing gd32f4xx_rcu.o(i.rcu_pll48m_clock_config), (20 bytes).
    Removing gd32f4xx_rcu.o(i.rcu_pll_config), (108 bytes).
    Removing gd32f4xx_rcu.o(i.rcu_plli2s_config), (40 bytes).
    Removing gd32f4xx_rcu.o(i.rcu_pllsai_config), (68 bytes).
    Removing gd32f4xx_rcu.o(i.rcu_rtc_clock_config), (20 bytes).
    Removing gd32f4xx_rcu.o(i.rcu_rtc_div_config), (20 bytes).
    Removing gd32f4xx_rcu.o(i.rcu_spread_spectrum_config), (28 bytes).
    Removing gd32f4xx_rcu.o(i.rcu_spread_spectrum_disable), (16 bytes).
    Removing gd32f4xx_rcu.o(i.rcu_spread_spectrum_enable), (16 bytes).
    Removing gd32f4xx_rcu.o(i.rcu_system_clock_source_config), (20 bytes).
    Removing gd32f4xx_rcu.o(i.rcu_system_clock_source_get), (16 bytes).
    Removing gd32f4xx_rcu.o(i.rcu_timer_clock_prescaler_config), (28 bytes).
    Removing gd32f4xx_rcu.o(i.rcu_tli_clock_div_config), (20 bytes).
    Removing gd32f4xx_rcu.o(i.rcu_voltage_key_unlock), (16 bytes).
    Removing gd32f4xx_rtc.o(.rev16_text), (4 bytes).
    Removing gd32f4xx_rtc.o(.revsh_text), (4 bytes).
    Removing gd32f4xx_rtc.o(i.rtc_alarm_config), (88 bytes).
    Removing gd32f4xx_rtc.o(i.rtc_alarm_disable), (100 bytes).
    Removing gd32f4xx_rtc.o(i.rtc_alarm_enable), (44 bytes).
    Removing gd32f4xx_rtc.o(i.rtc_alarm_get), (64 bytes).
    Removing gd32f4xx_rtc.o(i.rtc_alarm_output_config), (60 bytes).
    Removing gd32f4xx_rtc.o(i.rtc_alarm_subsecond_config), (40 bytes).
    Removing gd32f4xx_rtc.o(i.rtc_alarm_subsecond_get), (24 bytes).
    Removing gd32f4xx_rtc.o(i.rtc_bypass_shadow_disable), (32 bytes).
    Removing gd32f4xx_rtc.o(i.rtc_bypass_shadow_enable), (32 bytes).
    Removing gd32f4xx_rtc.o(i.rtc_calibration_output_config), (40 bytes).
    Removing gd32f4xx_rtc.o(i.rtc_coarse_calibration_config), (80 bytes).
    Removing gd32f4xx_rtc.o(i.rtc_coarse_calibration_disable), (48 bytes).
    Removing gd32f4xx_rtc.o(i.rtc_coarse_calibration_enable), (48 bytes).
    Removing gd32f4xx_rtc.o(i.rtc_current_time_get), (92 bytes).
    Removing gd32f4xx_rtc.o(i.rtc_deinit), (164 bytes).
    Removing gd32f4xx_rtc.o(i.rtc_flag_clear), (16 bytes).
    Removing gd32f4xx_rtc.o(i.rtc_flag_get), (20 bytes).
    Removing gd32f4xx_rtc.o(i.rtc_hour_adjust), (32 bytes).
    Removing gd32f4xx_rtc.o(i.rtc_init), (156 bytes).
    Removing gd32f4xx_rtc.o(i.rtc_init_mode_enter), (60 bytes).
    Removing gd32f4xx_rtc.o(i.rtc_init_mode_exit), (16 bytes).
    Removing gd32f4xx_rtc.o(i.rtc_interrupt_disable), (52 bytes).
    Removing gd32f4xx_rtc.o(i.rtc_interrupt_enable), (52 bytes).
    Removing gd32f4xx_rtc.o(i.rtc_refclock_detection_disable), (48 bytes).
    Removing gd32f4xx_rtc.o(i.rtc_refclock_detection_enable), (48 bytes).
    Removing gd32f4xx_rtc.o(i.rtc_register_sync_wait), (80 bytes).
    Removing gd32f4xx_rtc.o(i.rtc_second_adjust), (84 bytes).
    Removing gd32f4xx_rtc.o(i.rtc_smooth_calibration_config), (76 bytes).
    Removing gd32f4xx_rtc.o(i.rtc_subsecond_get), (16 bytes).
    Removing gd32f4xx_rtc.o(i.rtc_tamper0_pin_map), (24 bytes).
    Removing gd32f4xx_rtc.o(i.rtc_tamper_disable), (16 bytes).
    Removing gd32f4xx_rtc.o(i.rtc_tamper_enable), (124 bytes).
    Removing gd32f4xx_rtc.o(i.rtc_timestamp_disable), (32 bytes).
    Removing gd32f4xx_rtc.o(i.rtc_timestamp_enable), (40 bytes).
    Removing gd32f4xx_rtc.o(i.rtc_timestamp_get), (60 bytes).
    Removing gd32f4xx_rtc.o(i.rtc_timestamp_pin_map), (24 bytes).
    Removing gd32f4xx_rtc.o(i.rtc_timestamp_subsecond_get), (12 bytes).
    Removing gd32f4xx_rtc.o(i.rtc_wakeup_clock_set), (80 bytes).
    Removing gd32f4xx_rtc.o(i.rtc_wakeup_disable), (72 bytes).
    Removing gd32f4xx_rtc.o(i.rtc_wakeup_enable), (32 bytes).
    Removing gd32f4xx_rtc.o(i.rtc_wakeup_timer_get), (12 bytes).
    Removing gd32f4xx_rtc.o(i.rtc_wakeup_timer_set), (68 bytes).
    Removing gd32f4xx_sdio.o(.rev16_text), (4 bytes).
    Removing gd32f4xx_sdio.o(.revsh_text), (4 bytes).
    Removing gd32f4xx_sdio.o(i.sdio_bus_mode_set), (24 bytes).
    Removing gd32f4xx_sdio.o(i.sdio_ceata_command_completion_disable), (16 bytes).
    Removing gd32f4xx_sdio.o(i.sdio_ceata_command_completion_enable), (16 bytes).
    Removing gd32f4xx_sdio.o(i.sdio_ceata_command_disable), (16 bytes).
    Removing gd32f4xx_sdio.o(i.sdio_ceata_command_enable), (16 bytes).
    Removing gd32f4xx_sdio.o(i.sdio_ceata_interrupt_disable), (16 bytes).
    Removing gd32f4xx_sdio.o(i.sdio_ceata_interrupt_enable), (16 bytes).
    Removing gd32f4xx_sdio.o(i.sdio_clock_config), (44 bytes).
    Removing gd32f4xx_sdio.o(i.sdio_clock_disable), (16 bytes).
    Removing gd32f4xx_sdio.o(i.sdio_clock_enable), (16 bytes).
    Removing gd32f4xx_sdio.o(i.sdio_command_index_get), (12 bytes).
    Removing gd32f4xx_sdio.o(i.sdio_command_response_config), (40 bytes).
    Removing gd32f4xx_sdio.o(i.sdio_csm_disable), (16 bytes).
    Removing gd32f4xx_sdio.o(i.sdio_csm_enable), (16 bytes).
    Removing gd32f4xx_sdio.o(i.sdio_data_config), (48 bytes).
    Removing gd32f4xx_sdio.o(i.sdio_data_counter_get), (12 bytes).
    Removing gd32f4xx_sdio.o(i.sdio_data_read), (12 bytes).
    Removing gd32f4xx_sdio.o(i.sdio_data_transfer_config), (20 bytes).
    Removing gd32f4xx_sdio.o(i.sdio_data_write), (12 bytes).
    Removing gd32f4xx_sdio.o(i.sdio_deinit), (22 bytes).
    Removing gd32f4xx_sdio.o(i.sdio_dma_disable), (16 bytes).
    Removing gd32f4xx_sdio.o(i.sdio_dma_enable), (16 bytes).
    Removing gd32f4xx_sdio.o(i.sdio_dsm_disable), (16 bytes).
    Removing gd32f4xx_sdio.o(i.sdio_dsm_enable), (16 bytes).
    Removing gd32f4xx_sdio.o(i.sdio_fifo_counter_get), (12 bytes).
    Removing gd32f4xx_sdio.o(i.sdio_flag_clear), (12 bytes).
    Removing gd32f4xx_sdio.o(i.sdio_flag_get), (20 bytes).
    Removing gd32f4xx_sdio.o(i.sdio_hardware_clock_disable), (16 bytes).
    Removing gd32f4xx_sdio.o(i.sdio_hardware_clock_enable), (16 bytes).
    Removing gd32f4xx_sdio.o(i.sdio_interrupt_disable), (16 bytes).
    Removing gd32f4xx_sdio.o(i.sdio_interrupt_enable), (16 bytes).
    Removing gd32f4xx_sdio.o(i.sdio_interrupt_flag_clear), (12 bytes).
    Removing gd32f4xx_sdio.o(i.sdio_interrupt_flag_get), (20 bytes).
    Removing gd32f4xx_sdio.o(i.sdio_operation_disable), (16 bytes).
    Removing gd32f4xx_sdio.o(i.sdio_operation_enable), (16 bytes).
    Removing gd32f4xx_sdio.o(i.sdio_power_state_get), (12 bytes).
    Removing gd32f4xx_sdio.o(i.sdio_power_state_set), (12 bytes).
    Removing gd32f4xx_sdio.o(i.sdio_readwait_disable), (16 bytes).
    Removing gd32f4xx_sdio.o(i.sdio_readwait_enable), (16 bytes).
    Removing gd32f4xx_sdio.o(i.sdio_readwait_type_set), (28 bytes).
    Removing gd32f4xx_sdio.o(i.sdio_response_get), (48 bytes).
    Removing gd32f4xx_sdio.o(i.sdio_stop_readwait_disable), (16 bytes).
    Removing gd32f4xx_sdio.o(i.sdio_stop_readwait_enable), (16 bytes).
    Removing gd32f4xx_sdio.o(i.sdio_suspend_disable), (16 bytes).
    Removing gd32f4xx_sdio.o(i.sdio_suspend_enable), (16 bytes).
    Removing gd32f4xx_sdio.o(i.sdio_wait_type_set), (24 bytes).
    Removing gd32f4xx_spi.o(.rev16_text), (4 bytes).
    Removing gd32f4xx_spi.o(.revsh_text), (4 bytes).
    Removing gd32f4xx_spi.o(i.i2s_disable), (10 bytes).
    Removing gd32f4xx_spi.o(i.i2s_enable), (10 bytes).
    Removing gd32f4xx_spi.o(i.i2s_full_duplex_mode_config), (40 bytes).
    Removing gd32f4xx_spi.o(i.i2s_init), (24 bytes).
    Removing gd32f4xx_spi.o(i.i2s_psc_config), (184 bytes).
    Removing gd32f4xx_spi.o(i.spi_bidirectional_transfer_config), (22 bytes).
    Removing gd32f4xx_spi.o(i.spi_crc_error_clear), (8 bytes).
    Removing gd32f4xx_spi.o(i.spi_crc_get), (12 bytes).
    Removing gd32f4xx_spi.o(i.spi_crc_next), (10 bytes).
    Removing gd32f4xx_spi.o(i.spi_crc_off), (10 bytes).
    Removing gd32f4xx_spi.o(i.spi_crc_on), (10 bytes).
    Removing gd32f4xx_spi.o(i.spi_crc_polynomial_get), (6 bytes).
    Removing gd32f4xx_spi.o(i.spi_crc_polynomial_set), (4 bytes).
    Removing gd32f4xx_spi.o(i.spi_disable), (10 bytes).
    Removing gd32f4xx_spi.o(i.spi_dma_disable), (20 bytes).
    Removing gd32f4xx_spi.o(i.spi_dma_enable), (20 bytes).
    Removing gd32f4xx_spi.o(i.spi_enable), (10 bytes).
    Removing gd32f4xx_spi.o(i.spi_i2s_data_frame_format_config), (16 bytes).
    Removing gd32f4xx_spi.o(i.spi_i2s_data_receive), (6 bytes).
    Removing gd32f4xx_spi.o(i.spi_i2s_data_transmit), (4 bytes).
    Removing gd32f4xx_spi.o(i.spi_i2s_deinit), (104 bytes).
    Removing gd32f4xx_spi.o(i.spi_i2s_flag_get), (10 bytes).
    Removing gd32f4xx_spi.o(i.spi_i2s_format_error_clear), (6 bytes).
    Removing gd32f4xx_spi.o(i.spi_i2s_interrupt_disable), (36 bytes).
    Removing gd32f4xx_spi.o(i.spi_i2s_interrupt_enable), (36 bytes).
    Removing gd32f4xx_spi.o(i.spi_i2s_interrupt_flag_get), (84 bytes).
    Removing gd32f4xx_spi.o(i.spi_init), (46 bytes).
    Removing gd32f4xx_spi.o(i.spi_nss_internal_high), (10 bytes).
    Removing gd32f4xx_spi.o(i.spi_nss_internal_low), (10 bytes).
    Removing gd32f4xx_spi.o(i.spi_nss_output_disable), (10 bytes).
    Removing gd32f4xx_spi.o(i.spi_nss_output_enable), (10 bytes).
    Removing gd32f4xx_spi.o(i.spi_quad_disable), (12 bytes).
    Removing gd32f4xx_spi.o(i.spi_quad_enable), (12 bytes).
    Removing gd32f4xx_spi.o(i.spi_quad_io23_output_disable), (12 bytes).
    Removing gd32f4xx_spi.o(i.spi_quad_io23_output_enable), (12 bytes).
    Removing gd32f4xx_spi.o(i.spi_quad_read_enable), (12 bytes).
    Removing gd32f4xx_spi.o(i.spi_quad_write_enable), (12 bytes).
    Removing gd32f4xx_spi.o(i.spi_struct_para_init), (18 bytes).
    Removing gd32f4xx_spi.o(i.spi_ti_mode_disable), (10 bytes).
    Removing gd32f4xx_spi.o(i.spi_ti_mode_enable), (10 bytes).
    Removing gd32f4xx_syscfg.o(.rev16_text), (4 bytes).
    Removing gd32f4xx_syscfg.o(.revsh_text), (4 bytes).
    Removing gd32f4xx_syscfg.o(i.syscfg_bootmode_config), (24 bytes).
    Removing gd32f4xx_syscfg.o(i.syscfg_compensation_config), (20 bytes).
    Removing gd32f4xx_syscfg.o(i.syscfg_deinit), (22 bytes).
    Removing gd32f4xx_syscfg.o(i.syscfg_enet_phy_interface_config), (20 bytes).
    Removing gd32f4xx_syscfg.o(i.syscfg_exmc_swap_config), (20 bytes).
    Removing gd32f4xx_syscfg.o(i.syscfg_exti_line_config), (68 bytes).
    Removing gd32f4xx_syscfg.o(i.syscfg_flag_get), (20 bytes).
    Removing gd32f4xx_syscfg.o(i.syscfg_fmc_swap_config), (20 bytes).
    Removing gd32f4xx_timer.o(.rev16_text), (4 bytes).
    Removing gd32f4xx_timer.o(.revsh_text), (4 bytes).
    Removing gd32f4xx_timer.o(i.timer_auto_reload_shadow_disable), (10 bytes).
    Removing gd32f4xx_timer.o(i.timer_auto_reload_shadow_enable), (10 bytes).
    Removing gd32f4xx_timer.o(i.timer_automatic_output_disable), (10 bytes).
    Removing gd32f4xx_timer.o(i.timer_automatic_output_enable), (10 bytes).
    Removing gd32f4xx_timer.o(i.timer_autoreload_value_config), (4 bytes).
    Removing gd32f4xx_timer.o(i.timer_break_config), (32 bytes).
    Removing gd32f4xx_timer.o(i.timer_break_disable), (10 bytes).
    Removing gd32f4xx_timer.o(i.timer_break_enable), (10 bytes).
    Removing gd32f4xx_timer.o(i.timer_break_struct_para_init), (18 bytes).
    Removing gd32f4xx_timer.o(i.timer_channel_capture_value_register_read), (34 bytes).
    Removing gd32f4xx_timer.o(i.timer_channel_complementary_output_polarity_config), (58 bytes).
    Removing gd32f4xx_timer.o(i.timer_channel_complementary_output_state_config), (58 bytes).
    Removing gd32f4xx_timer.o(i.timer_channel_control_shadow_config), (20 bytes).
    Removing gd32f4xx_timer.o(i.timer_channel_control_shadow_update_config), (24 bytes).
    Removing gd32f4xx_timer.o(i.timer_channel_dma_request_source_select), (24 bytes).
    Removing gd32f4xx_timer.o(i.timer_channel_input_capture_prescaler_config), (78 bytes).
    Removing gd32f4xx_timer.o(i.timer_channel_input_struct_para_init), (14 bytes).
    Removing gd32f4xx_timer.o(i.timer_channel_output_clear_config), (78 bytes).
    Removing gd32f4xx_timer.o(i.timer_channel_output_config), (468 bytes).
    Removing gd32f4xx_timer.o(i.timer_channel_output_fast_config), (78 bytes).
    Removing gd32f4xx_timer.o(i.timer_channel_output_mode_config), (78 bytes).
    Removing gd32f4xx_timer.o(i.timer_channel_output_polarity_config), (78 bytes).
    Removing gd32f4xx_timer.o(i.timer_channel_output_pulse_value_config), (30 bytes).
    Removing gd32f4xx_timer.o(i.timer_channel_output_shadow_config), (78 bytes).
    Removing gd32f4xx_timer.o(i.timer_channel_output_state_config), (78 bytes).
    Removing gd32f4xx_timer.o(i.timer_channel_output_struct_para_init), (16 bytes).
    Removing gd32f4xx_timer.o(i.timer_channel_remap_config), (4 bytes).
    Removing gd32f4xx_timer.o(i.timer_counter_alignment), (16 bytes).
    Removing gd32f4xx_timer.o(i.timer_counter_down_direction), (10 bytes).
    Removing gd32f4xx_timer.o(i.timer_counter_read), (4 bytes).
    Removing gd32f4xx_timer.o(i.timer_counter_up_direction), (10 bytes).
    Removing gd32f4xx_timer.o(i.timer_counter_value_config), (4 bytes).
    Removing gd32f4xx_timer.o(i.timer_deinit), (204 bytes).
    Removing gd32f4xx_timer.o(i.timer_disable), (10 bytes).
    Removing gd32f4xx_timer.o(i.timer_dma_disable), (8 bytes).
    Removing gd32f4xx_timer.o(i.timer_dma_enable), (8 bytes).
    Removing gd32f4xx_timer.o(i.timer_dma_transfer_config), (22 bytes).
    Removing gd32f4xx_timer.o(i.timer_enable), (10 bytes).
    Removing gd32f4xx_timer.o(i.timer_event_software_generate), (8 bytes).
    Removing gd32f4xx_timer.o(i.timer_external_clock_mode0_config), (26 bytes).
    Removing gd32f4xx_timer.o(i.timer_external_clock_mode1_config), (18 bytes).
    Removing gd32f4xx_timer.o(i.timer_external_clock_mode1_disable), (10 bytes).
    Removing gd32f4xx_timer.o(i.timer_external_trigger_as_external_clock_config), (156 bytes).
    Removing gd32f4xx_timer.o(i.timer_external_trigger_config), (28 bytes).
    Removing gd32f4xx_timer.o(i.timer_flag_clear), (6 bytes).
    Removing gd32f4xx_timer.o(i.timer_flag_get), (10 bytes).
    Removing gd32f4xx_timer.o(i.timer_hall_mode_config), (24 bytes).
    Removing gd32f4xx_timer.o(i.timer_init), (148 bytes).
    Removing gd32f4xx_timer.o(i.timer_input_capture_config), (300 bytes).
    Removing gd32f4xx_timer.o(i.timer_input_pwm_capture_config), (334 bytes).
    Removing gd32f4xx_timer.o(i.timer_input_trigger_source_select), (16 bytes).
    Removing gd32f4xx_timer.o(i.timer_internal_clock_config), (10 bytes).
    Removing gd32f4xx_timer.o(i.timer_internal_trigger_as_external_clock_config), (26 bytes).
    Removing gd32f4xx_timer.o(i.timer_interrupt_disable), (8 bytes).
    Removing gd32f4xx_timer.o(i.timer_interrupt_enable), (8 bytes).
    Removing gd32f4xx_timer.o(i.timer_interrupt_flag_clear), (6 bytes).
    Removing gd32f4xx_timer.o(i.timer_interrupt_flag_get), (20 bytes).
    Removing gd32f4xx_timer.o(i.timer_master_output_trigger_source_select), (16 bytes).
    Removing gd32f4xx_timer.o(i.timer_master_slave_mode_config), (24 bytes).
    Removing gd32f4xx_timer.o(i.timer_output_value_selection_config), (30 bytes).
    Removing gd32f4xx_timer.o(i.timer_prescaler_config), (16 bytes).
    Removing gd32f4xx_timer.o(i.timer_prescaler_read), (6 bytes).
    Removing gd32f4xx_timer.o(i.timer_primary_output_config), (20 bytes).
    Removing gd32f4xx_timer.o(i.timer_quadrature_decoder_mode_config), (64 bytes).
    Removing gd32f4xx_timer.o(i.timer_repetition_value_config), (4 bytes).
    Removing gd32f4xx_timer.o(i.timer_single_pulse_mode_config), (24 bytes).
    Removing gd32f4xx_timer.o(i.timer_slave_mode_select), (16 bytes).
    Removing gd32f4xx_timer.o(i.timer_struct_para_init), (20 bytes).
    Removing gd32f4xx_timer.o(i.timer_update_event_disable), (10 bytes).
    Removing gd32f4xx_timer.o(i.timer_update_event_enable), (10 bytes).
    Removing gd32f4xx_timer.o(i.timer_update_source_config), (24 bytes).
    Removing gd32f4xx_timer.o(i.timer_write_chxval_register_config), (30 bytes).
    Removing gd32f4xx_tli.o(.rev16_text), (4 bytes).
    Removing gd32f4xx_tli.o(.revsh_text), (4 bytes).
    Removing gd32f4xx_tli.o(i.tli_color_key_disable), (12 bytes).
    Removing gd32f4xx_tli.o(i.tli_color_key_enable), (12 bytes).
    Removing gd32f4xx_tli.o(i.tli_color_key_init), (14 bytes).
    Removing gd32f4xx_tli.o(i.tli_current_pos_get), (12 bytes).
    Removing gd32f4xx_tli.o(i.tli_deinit), (22 bytes).
    Removing gd32f4xx_tli.o(i.tli_disable), (16 bytes).
    Removing gd32f4xx_tli.o(i.tli_dither_config), (28 bytes).
    Removing gd32f4xx_tli.o(i.tli_enable), (16 bytes).
    Removing gd32f4xx_tli.o(i.tli_flag_get), (28 bytes).
    Removing gd32f4xx_tli.o(i.tli_init), (136 bytes).
    Removing gd32f4xx_tli.o(i.tli_interrupt_disable), (16 bytes).
    Removing gd32f4xx_tli.o(i.tli_interrupt_enable), (16 bytes).
    Removing gd32f4xx_tli.o(i.tli_interrupt_flag_clear), (16 bytes).
    Removing gd32f4xx_tli.o(i.tli_interrupt_flag_get), (32 bytes).
    Removing gd32f4xx_tli.o(i.tli_layer_disable), (12 bytes).
    Removing gd32f4xx_tli.o(i.tli_layer_enable), (12 bytes).
    Removing gd32f4xx_tli.o(i.tli_layer_init), (142 bytes).
    Removing gd32f4xx_tli.o(i.tli_layer_struct_para_init), (44 bytes).
    Removing gd32f4xx_tli.o(i.tli_layer_window_offset_modify), (172 bytes).
    Removing gd32f4xx_tli.o(i.tli_line_mark_set), (20 bytes).
    Removing gd32f4xx_tli.o(i.tli_lut_disable), (12 bytes).
    Removing gd32f4xx_tli.o(i.tli_lut_enable), (12 bytes).
    Removing gd32f4xx_tli.o(i.tli_lut_init), (24 bytes).
    Removing gd32f4xx_tli.o(i.tli_lut_struct_para_init), (12 bytes).
    Removing gd32f4xx_tli.o(i.tli_reload_config), (28 bytes).
    Removing gd32f4xx_tli.o(i.tli_struct_para_init), (34 bytes).
    Removing gd32f4xx_trng.o(.rev16_text), (4 bytes).
    Removing gd32f4xx_trng.o(.revsh_text), (4 bytes).
    Removing gd32f4xx_trng.o(i.trng_deinit), (22 bytes).
    Removing gd32f4xx_trng.o(i.trng_disable), (16 bytes).
    Removing gd32f4xx_trng.o(i.trng_enable), (16 bytes).
    Removing gd32f4xx_trng.o(i.trng_flag_get), (20 bytes).
    Removing gd32f4xx_trng.o(i.trng_get_true_random_data), (12 bytes).
    Removing gd32f4xx_trng.o(i.trng_interrupt_disable), (16 bytes).
    Removing gd32f4xx_trng.o(i.trng_interrupt_enable), (16 bytes).
    Removing gd32f4xx_trng.o(i.trng_interrupt_flag_clear), (16 bytes).
    Removing gd32f4xx_trng.o(i.trng_interrupt_flag_get), (20 bytes).
    Removing gd32f4xx_usart.o(.rev16_text), (4 bytes).
    Removing gd32f4xx_usart.o(.revsh_text), (4 bytes).
    Removing gd32f4xx_usart.o(i.usart_address_config), (20 bytes).
    Removing gd32f4xx_usart.o(i.usart_block_length_config), (20 bytes).
    Removing gd32f4xx_usart.o(i.usart_break_frame_coherence_config), (22 bytes).
    Removing gd32f4xx_usart.o(i.usart_data_first_config), (14 bytes).
    Removing gd32f4xx_usart.o(i.usart_data_receive), (8 bytes).
    Removing gd32f4xx_usart.o(i.usart_disable), (10 bytes).
    Removing gd32f4xx_usart.o(i.usart_dma_receive_config), (20 bytes).
    Removing gd32f4xx_usart.o(i.usart_flag_clear), (20 bytes).
    Removing gd32f4xx_usart.o(i.usart_guard_time_config), (18 bytes).
    Removing gd32f4xx_usart.o(i.usart_halfduplex_disable), (10 bytes).
    Removing gd32f4xx_usart.o(i.usart_halfduplex_enable), (10 bytes).
    Removing gd32f4xx_usart.o(i.usart_hardware_flow_coherence_config), (22 bytes).
    Removing gd32f4xx_usart.o(i.usart_hardware_flow_cts_config), (20 bytes).
    Removing gd32f4xx_usart.o(i.usart_hardware_flow_rts_config), (20 bytes).
    Removing gd32f4xx_usart.o(i.usart_interrupt_disable), (20 bytes).
    Removing gd32f4xx_usart.o(i.usart_interrupt_enable), (20 bytes).
    Removing gd32f4xx_usart.o(i.usart_interrupt_flag_clear), (20 bytes).
    Removing gd32f4xx_usart.o(i.usart_interrupt_flag_get), (48 bytes).
    Removing gd32f4xx_usart.o(i.usart_invert_config), (76 bytes).
    Removing gd32f4xx_usart.o(i.usart_irda_lowpower_config), (20 bytes).
    Removing gd32f4xx_usart.o(i.usart_irda_mode_disable), (10 bytes).
    Removing gd32f4xx_usart.o(i.usart_irda_mode_enable), (10 bytes).
    Removing gd32f4xx_usart.o(i.usart_lin_break_detection_length_config), (20 bytes).
    Removing gd32f4xx_usart.o(i.usart_lin_mode_disable), (10 bytes).
    Removing gd32f4xx_usart.o(i.usart_lin_mode_enable), (10 bytes).
    Removing gd32f4xx_usart.o(i.usart_mute_mode_disable), (10 bytes).
    Removing gd32f4xx_usart.o(i.usart_mute_mode_enable), (10 bytes).
    Removing gd32f4xx_usart.o(i.usart_mute_mode_wakeup_config), (16 bytes).
    Removing gd32f4xx_usart.o(i.usart_oversample_config), (16 bytes).
    Removing gd32f4xx_usart.o(i.usart_parity_check_coherence_config), (22 bytes).
    Removing gd32f4xx_usart.o(i.usart_prescaler_config), (16 bytes).
    Removing gd32f4xx_usart.o(i.usart_receiver_timeout_disable), (12 bytes).
    Removing gd32f4xx_usart.o(i.usart_receiver_timeout_enable), (12 bytes).
    Removing gd32f4xx_usart.o(i.usart_receiver_timeout_threshold_config), (18 bytes).
    Removing gd32f4xx_usart.o(i.usart_sample_bit_config), (16 bytes).
    Removing gd32f4xx_usart.o(i.usart_send_break), (10 bytes).
    Removing gd32f4xx_usart.o(i.usart_smartcard_autoretry_config), (24 bytes).
    Removing gd32f4xx_usart.o(i.usart_smartcard_mode_disable), (10 bytes).
    Removing gd32f4xx_usart.o(i.usart_smartcard_mode_enable), (10 bytes).
    Removing gd32f4xx_usart.o(i.usart_smartcard_mode_nack_disable), (10 bytes).
    Removing gd32f4xx_usart.o(i.usart_smartcard_mode_nack_enable), (10 bytes).
    Removing gd32f4xx_usart.o(i.usart_synchronous_clock_config), (30 bytes).
    Removing gd32f4xx_usart.o(i.usart_synchronous_clock_disable), (10 bytes).
    Removing gd32f4xx_usart.o(i.usart_synchronous_clock_enable), (10 bytes).
    Removing gd32f4xx_wwdgt.o(.rev16_text), (4 bytes).
    Removing gd32f4xx_wwdgt.o(.revsh_text), (4 bytes).
    Removing gd32f4xx_wwdgt.o(i.wwdgt_config), (24 bytes).
    Removing gd32f4xx_wwdgt.o(i.wwdgt_counter_update), (16 bytes).
    Removing gd32f4xx_wwdgt.o(i.wwdgt_deinit), (22 bytes).
    Removing gd32f4xx_wwdgt.o(i.wwdgt_enable), (16 bytes).
    Removing gd32f4xx_wwdgt.o(i.wwdgt_flag_clear), (12 bytes).
    Removing gd32f4xx_wwdgt.o(i.wwdgt_flag_get), (16 bytes).
    Removing gd32f4xx_wwdgt.o(i.wwdgt_interrupt_enable), (16 bytes).
    Removing system_gd32f4xx.o(.rev16_text), (4 bytes).
    Removing system_gd32f4xx.o(.revsh_text), (4 bytes).
    Removing system_gd32f4xx.o(i.SystemCoreClockUpdate), (144 bytes).
    Removing croutine.o(.rev16_text), (4 bytes).
    Removing croutine.o(.revsh_text), (4 bytes).
    Removing event_groups.o(.rev16_text), (4 bytes).
    Removing event_groups.o(.revsh_text), (4 bytes).
    Removing event_groups.o(i.prvTestWaitCondition), (20 bytes).
    Removing event_groups.o(i.vEventGroupClearBitsCallback), (4 bytes).
    Removing event_groups.o(i.vEventGroupDelete), (124 bytes).
    Removing event_groups.o(i.vEventGroupSetBitsCallback), (4 bytes).
    Removing event_groups.o(i.xEventGroupClearBits), (96 bytes).
    Removing event_groups.o(i.xEventGroupCreate), (26 bytes).
    Removing event_groups.o(i.xEventGroupGetBitsFromISR), (26 bytes).
    Removing event_groups.o(i.xEventGroupSetBits), (172 bytes).
    Removing event_groups.o(i.xEventGroupSync), (220 bytes).
    Removing event_groups.o(i.xEventGroupWaitBits), (284 bytes).
    Removing list.o(.rev16_text), (4 bytes).
    Removing list.o(.revsh_text), (4 bytes).
    Removing queue.o(.rev16_text), (4 bytes).
    Removing queue.o(.revsh_text), (4 bytes).
    Removing queue.o(i.pcQueueGetName), (92 bytes).
    Removing queue.o(i.prvCopyDataToQueue), (90 bytes).
    Removing queue.o(i.uxQueueMessagesWaiting), (68 bytes).
    Removing queue.o(i.uxQueueMessagesWaitingFromISR), (60 bytes).
    Removing queue.o(i.uxQueueSpacesAvailable), (72 bytes).
    Removing queue.o(i.vQueueAddToRegistry), (116 bytes).
    Removing queue.o(i.vQueueDelete), (72 bytes).
    Removing queue.o(i.vQueueUnregisterQueue), (96 bytes).
    Removing queue.o(i.xQueueGenericSend), (372 bytes).
    Removing queue.o(i.xQueueGenericSendFromISR), (236 bytes).
    Removing queue.o(i.xQueueGiveFromISR), (204 bytes).
    Removing queue.o(i.xQueueIsQueueEmptyFromISR), (68 bytes).
    Removing queue.o(i.xQueueIsQueueFullFromISR), (72 bytes).
    Removing queue.o(i.xQueuePeek), (336 bytes).
    Removing queue.o(i.xQueuePeekFromISR), (140 bytes).
    Removing queue.o(i.xQueueReceiveFromISR), (204 bytes).
    Removing queue.o(i.xQueueSemaphoreTake), (320 bytes).
    Removing queue.o(.bss), (80 bytes).
    Removing stream_buffer.o(.rev16_text), (4 bytes).
    Removing stream_buffer.o(.revsh_text), (4 bytes).
    Removing stream_buffer.o(i.prvBytesInBuffer), (18 bytes).
    Removing stream_buffer.o(i.prvInitialiseNewStreamBuffer), (108 bytes).
    Removing stream_buffer.o(i.prvReadBytesFromBuffer), (160 bytes).
    Removing stream_buffer.o(i.prvReadMessageFromBuffer), (68 bytes).
    Removing stream_buffer.o(i.prvWriteBytesToBuffer), (164 bytes).
    Removing stream_buffer.o(i.prvWriteMessageToBuffer), (68 bytes).
    Removing stream_buffer.o(i.vStreamBufferDelete), (92 bytes).
    Removing stream_buffer.o(i.xStreamBufferBytesAvailable), (72 bytes).
    Removing stream_buffer.o(i.xStreamBufferGenericCreate), (160 bytes).
    Removing stream_buffer.o(i.xStreamBufferIsEmpty), (80 bytes).
    Removing stream_buffer.o(i.xStreamBufferIsFull), (96 bytes).
    Removing stream_buffer.o(i.xStreamBufferNextMessageLengthBytes), (112 bytes).
    Removing stream_buffer.o(i.xStreamBufferReceive), (256 bytes).
    Removing stream_buffer.o(i.xStreamBufferReceiveCompletedFromISR), (120 bytes).
    Removing stream_buffer.o(i.xStreamBufferReceiveFromISR), (180 bytes).
    Removing stream_buffer.o(i.xStreamBufferReset), (112 bytes).
    Removing stream_buffer.o(i.xStreamBufferSend), (312 bytes).
    Removing stream_buffer.o(i.xStreamBufferSendCompletedFromISR), (120 bytes).
    Removing stream_buffer.o(i.xStreamBufferSendFromISR), (184 bytes).
    Removing stream_buffer.o(i.xStreamBufferSetTriggerLevel), (84 bytes).
    Removing stream_buffer.o(i.xStreamBufferSpacesAvailable), (92 bytes).
    Removing tasks.o(.rev16_text), (4 bytes).
    Removing tasks.o(.revsh_text), (4 bytes).
    Removing tasks.o(i.eTaskGetState), (156 bytes).
    Removing tasks.o(i.pcTaskGetName), (76 bytes).
    Removing tasks.o(i.prvTaskIsTaskSuspended), (84 bytes).
    Removing tasks.o(i.ulTaskGenericNotifyTake), (180 bytes).
    Removing tasks.o(i.ulTaskGenericNotifyValueClear), (44 bytes).
    Removing tasks.o(i.uxTaskGetNumberOfTasks), (12 bytes).
    Removing tasks.o(i.uxTaskPriorityGet), (28 bytes).
    Removing tasks.o(i.uxTaskPriorityGetFromISR), (44 bytes).
    Removing tasks.o(i.uxTaskResetEventItemValue), (24 bytes).
    Removing tasks.o(i.vTaskEndScheduler), (28 bytes).
    Removing tasks.o(i.vTaskGenericNotifyGiveFromISR), (328 bytes).
    Removing tasks.o(i.vTaskPlaceOnUnorderedEventList), (140 bytes).
    Removing tasks.o(i.vTaskPrioritySet), (252 bytes).
    Removing tasks.o(i.vTaskRemoveFromUnorderedEventList), (232 bytes).
    Removing tasks.o(i.vTaskResume), (200 bytes).
    Removing tasks.o(i.vTaskSetTimeOutState), (80 bytes).
    Removing tasks.o(i.vTaskSuspend), (228 bytes).
    Removing tasks.o(i.xTaskCatchUpTicks), (88 bytes).
    Removing tasks.o(i.xTaskDelayUntil), (172 bytes).
    Removing tasks.o(i.xTaskGenericNotify), (352 bytes).
    Removing tasks.o(i.xTaskGenericNotifyFromISR), (404 bytes).
    Removing tasks.o(i.xTaskGenericNotifyStateClear), (100 bytes).
    Removing tasks.o(i.xTaskGenericNotifyWait), (216 bytes).
    Removing tasks.o(i.xTaskGetCurrentTaskHandle), (12 bytes).
    Removing tasks.o(i.xTaskGetTickCount), (12 bytes).
    Removing tasks.o(i.xTaskGetTickCountFromISR), (16 bytes).
    Removing tasks.o(i.xTaskResumeFromISR), (220 bytes).
    Removing timers.o(.rev16_text), (4 bytes).
    Removing timers.o(.revsh_text), (4 bytes).
    Removing heap_4.o(.rev16_text), (4 bytes).
    Removing heap_4.o(.revsh_text), (4 bytes).
    Removing heap_4.o(i.pvPortCalloc), (38 bytes).
    Removing heap_4.o(i.vPortGetHeapStats), (108 bytes).
    Removing heap_4.o(i.vPortInitialiseBlocks), (2 bytes).
    Removing heap_4.o(i.xPortGetFreeHeapSize), (12 bytes).
    Removing heap_4.o(i.xPortGetMinimumEverFreeHeapSize), (12 bytes).
    Removing port.o(.rev16_text), (4 bytes).
    Removing port.o(.revsh_text), (4 bytes).
    Removing port.o(i.vPortEndScheduler), (84 bytes).
    Removing port.o(i.vPortValidateInterruptPriority), (136 bytes).
    Removing lv_disp.o(i._lv_disp_get_refr_timer), (16 bytes).
    Removing lv_disp.o(i.lv_disp_clean_dcache), (28 bytes).
    Removing lv_disp.o(i.lv_disp_enable_invalidation), (36 bytes).
    Removing lv_disp.o(i.lv_disp_get_inactive_time), (54 bytes).
    Removing lv_disp.o(i.lv_disp_load_scr), (16 bytes).
    Removing lv_disp.o(i.lv_disp_set_bg_color), (66 bytes).
    Removing lv_disp.o(i.lv_disp_set_bg_image), (58 bytes).
    Removing lv_disp.o(i.lv_disp_set_bg_opa), (60 bytes).
    Removing lv_disp.o(i.lv_disp_set_theme), (74 bytes).
    Removing lv_disp.o(i.lv_disp_trig_activity), (24 bytes).
    Removing lv_disp.o(i.lv_scr_act), (14 bytes).
    Removing lv_disp.o(i.lv_scr_load_anim), (572 bytes).
    Removing lv_disp.o(i.opa_scale_anim), (8 bytes).
    Removing lv_disp.o(i.scr_anim_ready), (86 bytes).
    Removing lv_disp.o(i.scr_load_anim_start), (34 bytes).
    Removing lv_disp.o(i.scr_load_internal), (80 bytes).
    Removing lv_disp.o(i.set_x_anim), (6 bytes).
    Removing lv_disp.o(i.set_y_anim), (6 bytes).
    Removing lv_event.o(i.lv_event_get_cover_area), (16 bytes).
    Removing lv_event.o(i.lv_event_get_draw_part_dsc), (18 bytes).
    Removing lv_event.o(i.lv_event_get_hit_test_info), (14 bytes).
    Removing lv_event.o(i.lv_event_get_key), (20 bytes).
    Removing lv_event.o(i.lv_event_get_old_size), (14 bytes).
    Removing lv_event.o(i.lv_event_get_scroll_anim), (14 bytes).
    Removing lv_event.o(i.lv_event_get_self_size_info), (14 bytes).
    Removing lv_event.o(i.lv_event_set_cover_res), (18 bytes).
    Removing lv_event.o(i.lv_event_stop_bubbling), (10 bytes).
    Removing lv_event.o(i.lv_event_stop_processing), (10 bytes).
    Removing lv_event.o(i.lv_obj_get_event_user_data), (56 bytes).
    Removing lv_event.o(i.lv_obj_remove_event_cb_with_user_data), (152 bytes).
    Removing lv_event.o(i.lv_obj_remove_event_dsc), (126 bytes).
    Removing lv_group.o(i.lv_group_create), (52 bytes).
    Removing lv_group.o(i.lv_group_del), (124 bytes).
    Removing lv_group.o(i.lv_group_focus_freeze), (18 bytes).
    Removing lv_group.o(i.lv_group_get_edge_cb), (8 bytes).
    Removing lv_group.o(i.lv_group_get_focus_cb), (8 bytes).
    Removing lv_group.o(i.lv_group_get_wrap), (12 bytes).
    Removing lv_group.o(i.lv_group_remove_all_objs), (74 bytes).
    Removing lv_group.o(i.lv_group_set_default), (12 bytes).
    Removing lv_group.o(i.lv_group_set_edge_cb), (4 bytes).
    Removing lv_group.o(i.lv_group_set_focus_cb), (4 bytes).
    Removing lv_group.o(i.lv_group_set_refocus_policy), (10 bytes).
    Removing lv_group.o(i.lv_group_set_wrap), (10 bytes).
    Removing lv_group.o(i.lv_group_swap_obj), (88 bytes).
    Removing lv_indev.o(i.lv_indev_enable), (36 bytes).
    Removing lv_indev.o(i.lv_indev_get_key), (16 bytes).
    Removing lv_indev.o(i.lv_indev_get_read_timer), (8 bytes).
    Removing lv_indev.o(i.lv_indev_set_button_points), (12 bytes).
    Removing lv_indev.o(i.lv_indev_set_cursor), (66 bytes).
    Removing lv_indev.o(i.lv_indev_set_group), (16 bytes).
    Removing lv_indev_scroll.o(i.lv_indev_scroll_get_snap_dist), (42 bytes).
    Removing lv_indev_scroll.o(i.lv_indev_scroll_throw_predict), (60 bytes).
    Removing lv_obj.o(i.lv_deinit), (28 bytes).
    Removing lv_obj.o(i.lv_is_initialized), (12 bytes).
    Removing lv_obj.o(i.lv_obj_get_class), (4 bytes).
    Removing lv_obj.o(i.lv_obj_has_class), (18 bytes).
    Removing lv_obj.o(i.lv_obj_is_valid), (54 bytes).
    Removing lv_obj.o(i.obj_valid_child), (52 bytes).
    Removing lv_obj_draw.o(i.lv_obj_draw_part_check_type), (20 bytes).
    Removing lv_obj_pos.o(i.lv_obj_align_to), (738 bytes).
    Removing lv_obj_pos.o(i.lv_obj_get_x), (56 bytes).
    Removing lv_obj_pos.o(i.lv_obj_get_x2), (22 bytes).
    Removing lv_obj_pos.o(i.lv_obj_get_x_aligned), (6 bytes).
    Removing lv_obj_pos.o(i.lv_obj_get_y), (56 bytes).
    Removing lv_obj_pos.o(i.lv_obj_get_y2), (22 bytes).
    Removing lv_obj_pos.o(i.lv_obj_get_y_aligned), (6 bytes).
    Removing lv_obj_pos.o(i.lv_obj_set_align), (6 bytes).
    Removing lv_obj_pos.o(i.lv_obj_set_content_height), (54 bytes).
    Removing lv_obj_pos.o(i.lv_obj_set_content_width), (54 bytes).
    Removing lv_obj_pos.o(i.lv_obj_set_layout), (22 bytes).
    Removing lv_obj_scroll.o(i.lv_obj_get_scroll_end), (64 bytes).
    Removing lv_obj_scroll.o(i.lv_obj_is_scrolling), (32 bytes).
    Removing lv_obj_scroll.o(i.lv_obj_scroll_to_view), (30 bytes).
    Removing lv_obj_scroll.o(i.lv_obj_set_scroll_snap_x), (22 bytes).
    Removing lv_obj_scroll.o(i.lv_obj_set_scroll_snap_y), (22 bytes).
    Removing lv_obj_scroll.o(i.lv_obj_update_snap), (36 bytes).
    Removing lv_obj_style.o(i.fade_anim_cb), (8 bytes).
    Removing lv_obj_style.o(i.fade_in_anim_ready), (10 bytes).
    Removing lv_obj_style.o(i.lv_obj_fade_in), (60 bytes).
    Removing lv_obj_style.o(i.lv_obj_fade_out), (60 bytes).
    Removing lv_obj_style.o(i.lv_obj_set_local_style_prop_meta), (40 bytes).
    Removing lv_obj_style_gen.o(i.lv_obj_set_style_anim), (10 bytes).
    Removing lv_obj_style_gen.o(i.lv_obj_set_style_anim_speed), (10 bytes).
    Removing lv_obj_style_gen.o(i.lv_obj_set_style_anim_time), (10 bytes).
    Removing lv_obj_style_gen.o(i.lv_obj_set_style_arc_color), (24 bytes).
    Removing lv_obj_style_gen.o(i.lv_obj_set_style_arc_img_src), (10 bytes).
    Removing lv_obj_style_gen.o(i.lv_obj_set_style_arc_opa), (10 bytes).
    Removing lv_obj_style_gen.o(i.lv_obj_set_style_arc_rounded), (10 bytes).
    Removing lv_obj_style_gen.o(i.lv_obj_set_style_arc_width), (10 bytes).
    Removing lv_obj_style_gen.o(i.lv_obj_set_style_base_dir), (10 bytes).
    Removing lv_obj_style_gen.o(i.lv_obj_set_style_bg_dither_mode), (10 bytes).
    Removing lv_obj_style_gen.o(i.lv_obj_set_style_bg_grad), (10 bytes).
    Removing lv_obj_style_gen.o(i.lv_obj_set_style_bg_grad_color), (24 bytes).
    Removing lv_obj_style_gen.o(i.lv_obj_set_style_bg_grad_dir), (10 bytes).
    Removing lv_obj_style_gen.o(i.lv_obj_set_style_bg_grad_stop), (10 bytes).
    Removing lv_obj_style_gen.o(i.lv_obj_set_style_bg_img_recolor), (24 bytes).
    Removing lv_obj_style_gen.o(i.lv_obj_set_style_bg_img_recolor_opa), (10 bytes).
    Removing lv_obj_style_gen.o(i.lv_obj_set_style_bg_img_tiled), (10 bytes).
    Removing lv_obj_style_gen.o(i.lv_obj_set_style_bg_main_stop), (10 bytes).
    Removing lv_obj_style_gen.o(i.lv_obj_set_style_blend_mode), (10 bytes).
    Removing lv_obj_style_gen.o(i.lv_obj_set_style_border_color), (24 bytes).
    Removing lv_obj_style_gen.o(i.lv_obj_set_style_border_post), (10 bytes).
    Removing lv_obj_style_gen.o(i.lv_obj_set_style_border_side), (10 bytes).
    Removing lv_obj_style_gen.o(i.lv_obj_set_style_border_width), (10 bytes).
    Removing lv_obj_style_gen.o(i.lv_obj_set_style_clip_corner), (10 bytes).
    Removing lv_obj_style_gen.o(i.lv_obj_set_style_color_filter_dsc), (10 bytes).
    Removing lv_obj_style_gen.o(i.lv_obj_set_style_color_filter_opa), (10 bytes).
    Removing lv_obj_style_gen.o(i.lv_obj_set_style_img_opa), (10 bytes).
    Removing lv_obj_style_gen.o(i.lv_obj_set_style_img_recolor), (24 bytes).
    Removing lv_obj_style_gen.o(i.lv_obj_set_style_img_recolor_opa), (10 bytes).
    Removing lv_obj_style_gen.o(i.lv_obj_set_style_line_color), (24 bytes).
    Removing lv_obj_style_gen.o(i.lv_obj_set_style_line_dash_gap), (10 bytes).
    Removing lv_obj_style_gen.o(i.lv_obj_set_style_line_dash_width), (10 bytes).
    Removing lv_obj_style_gen.o(i.lv_obj_set_style_line_opa), (10 bytes).
    Removing lv_obj_style_gen.o(i.lv_obj_set_style_line_rounded), (10 bytes).
    Removing lv_obj_style_gen.o(i.lv_obj_set_style_line_width), (10 bytes).
    Removing lv_obj_style_gen.o(i.lv_obj_set_style_max_height), (10 bytes).
    Removing lv_obj_style_gen.o(i.lv_obj_set_style_max_width), (10 bytes).
    Removing lv_obj_style_gen.o(i.lv_obj_set_style_min_height), (10 bytes).
    Removing lv_obj_style_gen.o(i.lv_obj_set_style_opa), (10 bytes).
    Removing lv_obj_style_gen.o(i.lv_obj_set_style_outline_color), (24 bytes).
    Removing lv_obj_style_gen.o(i.lv_obj_set_style_outline_opa), (10 bytes).
    Removing lv_obj_style_gen.o(i.lv_obj_set_style_outline_pad), (10 bytes).
    Removing lv_obj_style_gen.o(i.lv_obj_set_style_outline_width), (10 bytes).
    Removing lv_obj_style_gen.o(i.lv_obj_set_style_shadow_color), (24 bytes).
    Removing lv_obj_style_gen.o(i.lv_obj_set_style_shadow_ofs_x), (10 bytes).
    Removing lv_obj_style_gen.o(i.lv_obj_set_style_shadow_ofs_y), (10 bytes).
    Removing lv_obj_style_gen.o(i.lv_obj_set_style_shadow_opa), (10 bytes).
    Removing lv_obj_style_gen.o(i.lv_obj_set_style_shadow_spread), (10 bytes).
    Removing lv_obj_style_gen.o(i.lv_obj_set_style_shadow_width), (10 bytes).
    Removing lv_obj_style_gen.o(i.lv_obj_set_style_text_align), (10 bytes).
    Removing lv_obj_style_gen.o(i.lv_obj_set_style_text_color), (24 bytes).
    Removing lv_obj_style_gen.o(i.lv_obj_set_style_text_decor), (10 bytes).
    Removing lv_obj_style_gen.o(i.lv_obj_set_style_text_font), (10 bytes).
    Removing lv_obj_style_gen.o(i.lv_obj_set_style_text_letter_space), (10 bytes).
    Removing lv_obj_style_gen.o(i.lv_obj_set_style_text_line_space), (10 bytes).
    Removing lv_obj_style_gen.o(i.lv_obj_set_style_text_opa), (10 bytes).
    Removing lv_obj_style_gen.o(i.lv_obj_set_style_transform_angle), (10 bytes).
    Removing lv_obj_style_gen.o(i.lv_obj_set_style_transform_height), (10 bytes).
    Removing lv_obj_style_gen.o(i.lv_obj_set_style_transform_pivot_x), (10 bytes).
    Removing lv_obj_style_gen.o(i.lv_obj_set_style_transform_pivot_y), (10 bytes).
    Removing lv_obj_style_gen.o(i.lv_obj_set_style_transform_width), (10 bytes).
    Removing lv_obj_style_gen.o(i.lv_obj_set_style_transform_zoom), (10 bytes).
    Removing lv_obj_style_gen.o(i.lv_obj_set_style_transition), (10 bytes).
    Removing lv_obj_style_gen.o(i.lv_obj_set_style_translate_y), (10 bytes).
    Removing lv_obj_tree.o(i.lv_obj_clean), (54 bytes).
    Removing lv_obj_tree.o(i.lv_obj_del_anim_ready_cb), (6 bytes).
    Removing lv_obj_tree.o(i.lv_obj_del_async), (12 bytes).
    Removing lv_obj_tree.o(i.lv_obj_del_async_cb), (4 bytes).
    Removing lv_obj_tree.o(i.lv_obj_del_delayed), (48 bytes).
    Removing lv_obj_tree.o(i.lv_obj_move_to_index), (132 bytes).
    Removing lv_obj_tree.o(i.lv_obj_set_parent), (224 bytes).
    Removing lv_obj_tree.o(i.lv_obj_swap), (142 bytes).
    Removing lv_obj_tree.o(i.lv_obj_tree_walk), (4 bytes).
    Removing lv_obj_tree.o(i.walk_core), (110 bytes).
    Removing lv_refr.o(i._lv_refr_set_disp_refreshing), (12 bytes).
    Removing lv_refr.o(i.lv_refr_now), (48 bytes).
    Removing lv_theme.o(i.lv_theme_get_color_primary), (26 bytes).
    Removing lv_theme.o(i.lv_theme_get_color_secondary), (30 bytes).
    Removing lv_theme.o(i.lv_theme_get_font_large), (20 bytes).
    Removing lv_theme.o(i.lv_theme_get_font_normal), (20 bytes).
    Removing lv_theme.o(i.lv_theme_get_font_small), (20 bytes).
    Removing lv_theme.o(i.lv_theme_set_apply_cb), (4 bytes).
    Removing lv_theme.o(i.lv_theme_set_parent), (4 bytes).
    Removing lv_draw_mask.o(i.lv_draw_mask_apply_ids), (92 bytes).
    Removing lv_draw_mask.o(i.lv_draw_mask_fade), (182 bytes).
    Removing lv_draw_mask.o(i.lv_draw_mask_fade_init), (48 bytes).
    Removing lv_draw_mask.o(i.lv_draw_mask_get_cnt), (32 bytes).
    Removing lv_draw_mask.o(i.lv_draw_mask_map), (128 bytes).
    Removing lv_draw_mask.o(i.lv_draw_mask_map_init), (28 bytes).
    Removing lv_draw_mask.o(i.lv_draw_mask_polygon), (498 bytes).
    Removing lv_draw_mask.o(i.lv_draw_mask_polygon_init), (144 bytes).
    Removing lv_draw_triangle.o(i.lv_draw_polygon), (10 bytes).
    Removing lv_draw_triangle.o(i.lv_draw_triangle), (12 bytes).
    Removing lv_img_buf.o(i.lv_img_buf_alloc), (90 bytes).
    Removing lv_img_buf.o(i.lv_img_buf_free), (26 bytes).
    Removing lv_img_buf.o(i.lv_img_buf_get_img_size), (124 bytes).
    Removing lv_img_buf.o(i.lv_img_buf_get_px_alpha), (208 bytes).
    Removing lv_img_buf.o(i.lv_img_buf_get_px_color), (264 bytes).
    Removing lv_img_buf.o(i.lv_img_buf_set_palette), (120 bytes).
    Removing lv_img_buf.o(i.lv_img_buf_set_px_alpha), (184 bytes).
    Removing lv_img_buf.o(i.lv_img_buf_set_px_color), (260 bytes).
    Removing lv_img_buf.o(i.lv_memcpy_small), (22 bytes).
    Removing lv_img_cache.o(i.lv_img_cache_set_size), (2 bytes).
    Removing lv_img_decoder.o(i.lv_img_decoder_delete), (28 bytes).
    Removing lv_img_decoder.o(i.lv_img_decoder_set_close_cb), (4 bytes).
    Removing lv_img_decoder.o(i.lv_img_decoder_set_info_cb), (4 bytes).
    Removing lv_img_decoder.o(i.lv_img_decoder_set_open_cb), (4 bytes).
    Removing lv_img_decoder.o(i.lv_img_decoder_set_read_line_cb), (4 bytes).
    Removing lv_draw_sw.o(i.lv_draw_sw_deinit_ctx), (8 bytes).
    Removing lv_draw_sw_gradient.o(i.lv_gradient_free_cache), (32 bytes).
    Removing lv_draw_sw_letter.o(.constdata), (8 bytes).
    Removing lv_flex.o(i.lv_obj_set_flex_grow), (24 bytes).
    Removing lv_flex.o(i.lv_obj_set_style_flex_grow), (16 bytes).
    Removing lv_flex.o(i.lv_style_set_flex_cross_place), (16 bytes).
    Removing lv_flex.o(i.lv_style_set_flex_flow), (16 bytes).
    Removing lv_flex.o(i.lv_style_set_flex_grow), (16 bytes).
    Removing lv_flex.o(i.lv_style_set_flex_main_place), (16 bytes).
    Removing lv_flex.o(i.lv_style_set_flex_track_place), (16 bytes).
    Removing lv_fragment.o(i.lv_fragment_get_container), (14 bytes).
    Removing lv_fragment.o(i.lv_fragment_get_manager), (14 bytes).
    Removing lv_fragment.o(i.lv_fragment_get_parent), (16 bytes).
    Removing lv_fragment.o(i.lv_fragment_recreate_obj), (36 bytes).
    Removing lv_fragment_manager.o(i.lv_fragment_manager_add), (30 bytes).
    Removing lv_fragment_manager.o(i.lv_fragment_manager_find_by_container), (42 bytes).
    Removing lv_fragment_manager.o(i.lv_fragment_manager_get_parent_fragment), (8 bytes).
    Removing lv_fragment_manager.o(i.lv_fragment_manager_replace), (38 bytes).
    Removing lv_fragment_manager.o(i.lv_fragment_manager_send_event), (82 bytes).
    Removing lv_msg.o(i.lv_event_get_msg), (24 bytes).
    Removing lv_msg.o(i.lv_msg_get_id), (4 bytes).
    Removing lv_msg.o(i.lv_msg_get_payload), (4 bytes).
    Removing lv_msg.o(i.lv_msg_get_user_data), (4 bytes).
    Removing lv_msg.o(i.lv_msg_send), (76 bytes).
    Removing lv_msg.o(i.lv_msg_subsribe), (44 bytes).
    Removing lv_msg.o(i.lv_msg_subsribe_obj), (52 bytes).
    Removing lv_msg.o(i.lv_msg_unsubscribe), (32 bytes).
    Removing lv_msg.o(i.obj_delete_event_cb), (52 bytes).
    Removing lv_msg.o(i.obj_notify_cb), (16 bytes).
    Removing lv_theme_basic.o(i.lv_color_white), (40 bytes).
    Removing lv_theme_basic.o(i.lv_theme_basic_init), (96 bytes).
    Removing lv_theme_basic.o(i.lv_theme_basic_is_inited), (16 bytes).
    Removing lv_theme_basic.o(i.style_init), (604 bytes).
    Removing lv_theme_basic.o(i.style_init_reset), (20 bytes).
    Removing lv_theme_basic.o(i.theme_apply), (488 bytes).
    Removing lv_theme_basic.o(.bss), (36 bytes).
    Removing lv_theme_basic.o(.data), (8 bytes).
    Removing lv_theme_mono.o(i.lv_color_black), (20 bytes).
    Removing lv_theme_mono.o(i.lv_color_make), (48 bytes).
    Removing lv_theme_mono.o(i.lv_color_white), (20 bytes).
    Removing lv_theme_mono.o(i.lv_style_set_pad_all), (38 bytes).
    Removing lv_theme_mono.o(i.lv_style_set_pad_gap), (22 bytes).
    Removing lv_theme_mono.o(i.lv_theme_mono_init), (104 bytes).
    Removing lv_theme_mono.o(i.lv_theme_mono_is_inited), (16 bytes).
    Removing lv_theme_mono.o(i.style_init), (808 bytes).
    Removing lv_theme_mono.o(i.style_init_reset), (20 bytes).
    Removing lv_theme_mono.o(i.theme_apply), (616 bytes).
    Removing lv_theme_mono.o(.bss), (36 bytes).
    Removing lv_theme_mono.o(.data), (8 bytes).
    Removing lv_animimg.o(i.index_change), (26 bytes).
    Removing lv_animimg.o(i.lv_animimg_constructor), (60 bytes).
    Removing lv_animimg.o(i.lv_animimg_create), (24 bytes).
    Removing lv_animimg.o(i.lv_animimg_set_duration), (6 bytes).
    Removing lv_animimg.o(i.lv_animimg_set_repeat_count), (6 bytes).
    Removing lv_animimg.o(i.lv_animimg_set_src), (18 bytes).
    Removing lv_animimg.o(i.lv_animimg_start), (6 bytes).
    Removing lv_animimg.o(.constdata), (28 bytes).
    Removing lv_colorwheel.o(i.lv_colorwheel_get_color_mode), (10 bytes).
    Removing lv_colorwheel.o(i.lv_colorwheel_get_color_mode_fixed), (10 bytes).
    Removing lv_colorwheel.o(i.lv_colorwheel_get_hsv), (4 bytes).
    Removing lv_list.o(i.lv_list_add_btn), (96 bytes).
    Removing lv_list.o(i.lv_list_add_text), (52 bytes).
    Removing lv_list.o(i.lv_list_get_btn_text), (60 bytes).
    Removing lv_spinbox.o(i.lv_spinbox_get_rollover), (10 bytes).
    Removing lv_spinbox.o(i.lv_spinbox_get_step), (4 bytes).
    Removing lv_spinbox.o(i.lv_spinbox_get_value), (4 bytes).
    Removing lv_spinbox.o(i.lv_spinbox_set_cursor_pos), (74 bytes).
    Removing lv_spinbox.o(i.lv_spinbox_set_digit_step_direction), (16 bytes).
    Removing lv_spinbox.o(i.lv_spinbox_set_value), (22 bytes).
    Removing lv_font_loader.o(i.init_bit_iterator), (18 bytes).
    Removing lv_font_loader.o(i.load_cmaps), (132 bytes).
    Removing lv_font_loader.o(i.load_cmaps_tables), (216 bytes).
    Removing lv_font_loader.o(i.load_glyph), (632 bytes).
    Removing lv_font_loader.o(i.load_kern), (384 bytes).
    Removing lv_font_loader.o(i.lv_font_free), (164 bytes).
    Removing lv_font_loader.o(i.lv_font_load), (62 bytes).
    Removing lv_font_loader.o(i.lvgl_load_font), (384 bytes).
    Removing lv_font_loader.o(i.read_bits), (78 bytes).
    Removing lv_font_loader.o(i.read_bits_signed), (28 bytes).
    Removing lv_font_loader.o(i.read_label), (62 bytes).
    Removing lv_hal_disp.o(i.invalidate_layout_cb), (10 bytes).
    Removing lv_hal_disp.o(i.lv_color_mix), (52 bytes).
    Removing lv_hal_disp.o(i.lv_color_mix_with_alpha), (192 bytes).
    Removing lv_hal_disp.o(i.lv_disp_drv_update), (188 bytes).
    Removing lv_hal_disp.o(i.lv_disp_drv_use_generic_set_px_cb), (72 bytes).
    Removing lv_hal_disp.o(i.lv_disp_flush_is_last), (12 bytes).
    Removing lv_hal_disp.o(i.lv_disp_get_antialiasing), (24 bytes).
    Removing lv_hal_disp.o(i.lv_disp_get_offset_x), (80 bytes).
    Removing lv_hal_disp.o(i.lv_disp_get_offset_y), (80 bytes).
    Removing lv_hal_disp.o(i.lv_disp_get_physical_hor_res), (60 bytes).
    Removing lv_hal_disp.o(i.lv_disp_get_physical_ver_res), (60 bytes).
    Removing lv_hal_disp.o(i.lv_disp_get_rotation), (24 bytes).
    Removing lv_hal_disp.o(i.lv_disp_remove), (128 bytes).
    Removing lv_hal_disp.o(i.lv_disp_set_default), (12 bytes).
    Removing lv_hal_disp.o(i.lv_disp_set_rotation), (32 bytes).
    Removing lv_hal_disp.o(i.set_px_alpha_generic), (162 bytes).
    Removing lv_hal_disp.o(i.set_px_cb_alpha1), (44 bytes).
    Removing lv_hal_disp.o(i.set_px_cb_alpha2), (44 bytes).
    Removing lv_hal_disp.o(i.set_px_cb_alpha4), (44 bytes).
    Removing lv_hal_disp.o(i.set_px_cb_alpha8), (44 bytes).
    Removing lv_hal_disp.o(i.set_px_true_color_alpha), (68 bytes).
    Removing lv_hal_indev.o(i.lv_indev_delete), (48 bytes).
    Removing lv_hal_indev.o(i.lv_indev_drv_update), (84 bytes).
    Removing lv_anim.o(i.lv_anim_count_running), (36 bytes).
    Removing lv_anim.o(i.lv_anim_del_all), (20 bytes).
    Removing lv_anim.o(i.lv_anim_get_playtime), (66 bytes).
    Removing lv_anim.o(i.lv_anim_get_timer), (12 bytes).
    Removing lv_anim.o(i.lv_anim_path_bounce), (156 bytes).
    Removing lv_anim.o(i.lv_anim_path_ease_in), (50 bytes).
    Removing lv_anim.o(i.lv_anim_path_overshoot), (54 bytes).
    Removing lv_anim.o(i.lv_anim_refr_now), (6 bytes).
    Removing lv_anim_timeline.o(i.lv_anim_timeline_add), (132 bytes).
    Removing lv_anim_timeline.o(i.lv_anim_timeline_create), (24 bytes).
    Removing lv_anim_timeline.o(i.lv_anim_timeline_del), (28 bytes).
    Removing lv_anim_timeline.o(i.lv_anim_timeline_get_playtime), (68 bytes).
    Removing lv_anim_timeline.o(i.lv_anim_timeline_get_reverse), (8 bytes).
    Removing lv_anim_timeline.o(i.lv_anim_timeline_set_progress), (102 bytes).
    Removing lv_anim_timeline.o(i.lv_anim_timeline_set_reverse), (8 bytes).
    Removing lv_anim_timeline.o(i.lv_anim_timeline_start), (100 bytes).
    Removing lv_anim_timeline.o(i.lv_anim_timeline_stop), (40 bytes).
    Removing lv_anim_timeline.o(i.lv_anim_timeline_virtual_exec_cb), (2 bytes).
    Removing lv_area.o(i._lv_area_is_equal), (56 bytes).
    Removing lv_area.o(i._lv_area_set_pos), (48 bytes).
    Removing lv_area.o(i.lv_area_align), (506 bytes).
    Removing lv_async.o(i.lv_async_call), (56 bytes).
    Removing lv_async.o(i.lv_async_call_cancel), (84 bytes).
    Removing lv_async.o(i.lv_async_timer_cb), (20 bytes).
    Removing lv_color.o(i.lv_color_change_lightness), (56 bytes).
    Removing lv_color.o(i.lv_color_lighten), (38 bytes).
    Removing lv_color.o(i.lv_color_to_hsv), (80 bytes).
    Removing lv_fs.o(i.lv_fs_dir_close), (34 bytes).
    Removing lv_fs.o(i.lv_fs_dir_open), (78 bytes).
    Removing lv_fs.o(i.lv_fs_dir_read), (40 bytes).
    Removing lv_fs.o(i.lv_fs_drv_init), (6 bytes).
    Removing lv_fs.o(i.lv_fs_drv_register), (24 bytes).
    Removing lv_fs.o(i.lv_fs_get_last), (56 bytes).
    Removing lv_fs.o(i.lv_fs_get_letters), (44 bytes).
    Removing lv_fs.o(i.lv_fs_is_ready), (24 bytes).
    Removing lv_fs.o(i.lv_fs_tell), (52 bytes).
    Removing lv_fs.o(i.lv_fs_up), (54 bytes).
    Removing lv_fs.o(i.lv_fs_write), (58 bytes).
    Removing lv_gc.o(i._lv_gc_clear_roots), (192 bytes).
    Removing lv_ll.o(i._lv_ll_chg_list), (104 bytes).
    Removing lv_ll.o(i._lv_ll_ins_prev), (98 bytes).
    Removing lv_ll.o(i._lv_ll_move_before), (94 bytes).
    Removing lv_lru.o(i.lv_lru_cmp_keys), (20 bytes).
    Removing lv_lru.o(i.lv_lru_create), (112 bytes).
    Removing lv_lru.o(i.lv_lru_del), (96 bytes).
    Removing lv_lru.o(i.lv_lru_get), (88 bytes).
    Removing lv_lru.o(i.lv_lru_hash), (92 bytes).
    Removing lv_lru.o(i.lv_lru_remove), (84 bytes).
    Removing lv_lru.o(i.lv_lru_remove_item), (56 bytes).
    Removing lv_lru.o(i.lv_lru_remove_lru_item), (108 bytes).
    Removing lv_lru.o(i.lv_lru_set), (238 bytes).
    Removing lv_math.o(i.lv_rand), (40 bytes).
    Removing lv_math.o(i.lv_sqrt), (34 bytes).
    Removing lv_math.o(.data), (4 bytes).
    Removing lv_mem.o(i.lv_mem_deinit), (24 bytes).
    Removing lv_mem.o(i.lv_mem_monitor), (84 bytes).
    Removing lv_mem.o(i.lv_mem_test), (48 bytes).
    Removing lv_mem.o(i.lv_mem_walker), (32 bytes).
    Removing lv_printf.o(i.lv_vsnprintf), (24 bytes).
    Removing lv_style.o(i.lv_style_get_num_custom_props), (16 bytes).
    Removing lv_style.o(i.lv_style_set_prop_meta), (20 bytes).
    Removing lv_style.o(i.lv_style_set_prop_meta_helper), (4 bytes).
    Removing lv_style_gen.o(i.lv_style_set_align), (8 bytes).
    Removing lv_style_gen.o(i.lv_style_set_anim), (8 bytes).
    Removing lv_style_gen.o(i.lv_style_set_anim_speed), (8 bytes).
    Removing lv_style_gen.o(i.lv_style_set_arc_img_src), (8 bytes).
    Removing lv_style_gen.o(i.lv_style_set_arc_opa), (8 bytes).
    Removing lv_style_gen.o(i.lv_style_set_base_dir), (8 bytes).
    Removing lv_style_gen.o(i.lv_style_set_bg_dither_mode), (8 bytes).
    Removing lv_style_gen.o(i.lv_style_set_bg_grad), (8 bytes).
    Removing lv_style_gen.o(i.lv_style_set_bg_grad_color), (22 bytes).
    Removing lv_style_gen.o(i.lv_style_set_bg_grad_dir), (8 bytes).
    Removing lv_style_gen.o(i.lv_style_set_bg_grad_stop), (8 bytes).
    Removing lv_style_gen.o(i.lv_style_set_bg_img_opa), (8 bytes).
    Removing lv_style_gen.o(i.lv_style_set_bg_img_recolor), (22 bytes).
    Removing lv_style_gen.o(i.lv_style_set_bg_img_recolor_opa), (8 bytes).
    Removing lv_style_gen.o(i.lv_style_set_bg_img_src), (8 bytes).
    Removing lv_style_gen.o(i.lv_style_set_bg_img_tiled), (8 bytes).
    Removing lv_style_gen.o(i.lv_style_set_bg_main_stop), (8 bytes).
    Removing lv_style_gen.o(i.lv_style_set_blend_mode), (8 bytes).
    Removing lv_style_gen.o(i.lv_style_set_border_opa), (8 bytes).
    Removing lv_style_gen.o(i.lv_style_set_height), (8 bytes).
    Removing lv_style_gen.o(i.lv_style_set_img_opa), (8 bytes).
    Removing lv_style_gen.o(i.lv_style_set_img_recolor), (22 bytes).
    Removing lv_style_gen.o(i.lv_style_set_img_recolor_opa), (8 bytes).
    Removing lv_style_gen.o(i.lv_style_set_layout), (8 bytes).
    Removing lv_style_gen.o(i.lv_style_set_line_dash_gap), (8 bytes).
    Removing lv_style_gen.o(i.lv_style_set_line_dash_width), (8 bytes).
    Removing lv_style_gen.o(i.lv_style_set_line_opa), (8 bytes).
    Removing lv_style_gen.o(i.lv_style_set_line_rounded), (8 bytes).
    Removing lv_style_gen.o(i.lv_style_set_max_height), (8 bytes).
    Removing lv_style_gen.o(i.lv_style_set_max_width), (8 bytes).
    Removing lv_style_gen.o(i.lv_style_set_min_height), (8 bytes).
    Removing lv_style_gen.o(i.lv_style_set_min_width), (8 bytes).
    Removing lv_style_gen.o(i.lv_style_set_opa), (8 bytes).
    Removing lv_style_gen.o(i.lv_style_set_shadow_ofs_x), (8 bytes).
    Removing lv_style_gen.o(i.lv_style_set_shadow_spread), (8 bytes).
    Removing lv_style_gen.o(i.lv_style_set_text_decor), (8 bytes).
    Removing lv_style_gen.o(i.lv_style_set_text_font), (8 bytes).
    Removing lv_style_gen.o(i.lv_style_set_text_letter_space), (8 bytes).
    Removing lv_style_gen.o(i.lv_style_set_text_opa), (8 bytes).
    Removing lv_style_gen.o(i.lv_style_set_transform_angle), (8 bytes).
    Removing lv_style_gen.o(i.lv_style_set_transform_pivot_x), (8 bytes).
    Removing lv_style_gen.o(i.lv_style_set_transform_pivot_y), (8 bytes).
    Removing lv_style_gen.o(i.lv_style_set_transform_zoom), (8 bytes).
    Removing lv_style_gen.o(i.lv_style_set_translate_x), (8 bytes).
    Removing lv_style_gen.o(i.lv_style_set_translate_y), (8 bytes).
    Removing lv_style_gen.o(i.lv_style_set_x), (8 bytes).
    Removing lv_style_gen.o(i.lv_style_set_y), (8 bytes).
    Removing lv_timer.o(i.lv_timer_create_basic), (12 bytes).
    Removing lv_timer.o(i.lv_timer_enable), (12 bytes).
    Removing lv_timer.o(i.lv_timer_get_idle), (12 bytes).
    Removing lv_timer.o(i.lv_timer_get_next), (20 bytes).
    Removing lv_timer.o(i.lv_timer_reset), (12 bytes).
    Removing lv_timer.o(i.lv_timer_set_cb), (4 bytes).
    Removing lv_timer.o(i.lv_timer_set_period), (4 bytes).
    Removing lv_timer.o(i.lv_timer_set_repeat_count), (4 bytes).
    Removing lv_tlsf.o(i.default_walker), (2 bytes).
    Removing lv_tlsf.o(i.integrity_walker), (44 bytes).
    Removing lv_tlsf.o(i.lv_tlsf_align_size), (4 bytes).
    Removing lv_tlsf.o(i.lv_tlsf_alloc_overhead), (4 bytes).
    Removing lv_tlsf.o(i.lv_tlsf_block_size), (18 bytes).
    Removing lv_tlsf.o(i.lv_tlsf_block_size_max), (6 bytes).
    Removing lv_tlsf.o(i.lv_tlsf_block_size_min), (4 bytes).
    Removing lv_tlsf.o(i.lv_tlsf_check), (224 bytes).
    Removing lv_tlsf.o(i.lv_tlsf_check_pool), (24 bytes).
    Removing lv_tlsf.o(i.lv_tlsf_destroy), (2 bytes).
    Removing lv_tlsf.o(i.lv_tlsf_get_pool), (6 bytes).
    Removing lv_tlsf.o(i.lv_tlsf_memalign), (166 bytes).
    Removing lv_tlsf.o(i.lv_tlsf_pool_overhead), (4 bytes).
    Removing lv_tlsf.o(i.lv_tlsf_remove_pool), (84 bytes).
    Removing lv_tlsf.o(i.lv_tlsf_size), (6 bytes).
    Removing lv_tlsf.o(i.lv_tlsf_walk_pool), (68 bytes).
    Removing lv_txt.o(i._lv_txt_set_text_vfmt), (54 bytes).
    Removing lv_txt.o(i.lv_txt_utf8_conv_wc), (74 bytes).
    Removing lv_txt.o(.data), (4 bytes).
    Removing lv_arc.o(i.lv_arc_align_obj_to_angle), (116 bytes).
    Removing lv_arc.o(i.lv_arc_create), (24 bytes).
    Removing lv_arc.o(i.lv_arc_get_angle_end), (4 bytes).
    Removing lv_arc.o(i.lv_arc_get_angle_start), (4 bytes).
    Removing lv_arc.o(i.lv_arc_get_bg_angle_end), (4 bytes).
    Removing lv_arc.o(i.lv_arc_get_bg_angle_start), (4 bytes).
    Removing lv_arc.o(i.lv_arc_get_max_value), (6 bytes).
    Removing lv_arc.o(i.lv_arc_get_min_value), (6 bytes).
    Removing lv_arc.o(i.lv_arc_get_mode), (10 bytes).
    Removing lv_arc.o(i.lv_arc_get_value), (6 bytes).
    Removing lv_arc.o(i.lv_arc_rotate_obj_to_angle), (150 bytes).
    Removing lv_arc.o(i.lv_arc_set_bg_angles), (24 bytes).
    Removing lv_arc.o(i.lv_arc_set_bg_end_angle), (108 bytes).
    Removing lv_arc.o(i.lv_arc_set_bg_start_angle), (108 bytes).
    Removing lv_arc.o(i.lv_arc_set_change_rate), (4 bytes).
    Removing lv_arc.o(i.lv_arc_set_mode), (102 bytes).
    Removing lv_arc.o(i.lv_arc_set_range), (46 bytes).
    Removing lv_arc.o(i.lv_arc_set_rotation), (6 bytes).
    Removing lv_bar.o(i.lv_bar_create), (24 bytes).
    Removing lv_bar.o(i.lv_bar_get_max_value), (4 bytes).
    Removing lv_bar.o(i.lv_bar_get_min_value), (4 bytes).
    Removing lv_bar.o(i.lv_bar_get_mode), (10 bytes).
    Removing lv_bar.o(i.lv_bar_get_start_value), (30 bytes).
    Removing lv_bar.o(i.lv_bar_get_value), (14 bytes).
    Removing lv_bar.o(i.lv_bar_set_mode), (20 bytes).
    Removing lv_bar.o(i.lv_bar_set_range), (84 bytes).
    Removing lv_bar.o(i.lv_bar_set_start_value), (74 bytes).
    Removing lv_btnmatrix.o(i.lv_btnmatrix_get_btn_text), (84 bytes).
    Removing lv_btnmatrix.o(i.lv_btnmatrix_get_map), (4 bytes).
    Removing lv_btnmatrix.o(i.lv_btnmatrix_get_one_checked), (10 bytes).
    Removing lv_btnmatrix.o(i.lv_btnmatrix_get_selected_btn), (4 bytes).
    Removing lv_btnmatrix.o(i.lv_btnmatrix_set_btn_width), (46 bytes).
    Removing lv_btnmatrix.o(i.lv_btnmatrix_set_ctrl_map), (26 bytes).
    Removing lv_btnmatrix.o(i.lv_btnmatrix_set_selected_btn), (44 bytes).
    Removing lv_canvas.o(i.deinit_fake_disp), (24 bytes).
    Removing lv_canvas.o(i.init_fake_disp), (126 bytes).
    Removing lv_canvas.o(i.lv_area_copy), (18 bytes).
    Removing lv_canvas.o(i.lv_canvas_blur_hor), (684 bytes).
    Removing lv_canvas.o(i.lv_canvas_blur_ver), (700 bytes).
    Removing lv_canvas.o(i.lv_canvas_constructor), (40 bytes).
    Removing lv_canvas.o(i.lv_canvas_copy_buf), (118 bytes).
    Removing lv_canvas.o(i.lv_canvas_create), (24 bytes).
    Removing lv_canvas.o(i.lv_canvas_destructor), (8 bytes).
    Removing lv_canvas.o(i.lv_canvas_draw_arc), (118 bytes).
    Removing lv_canvas.o(i.lv_canvas_draw_img), (138 bytes).
    Removing lv_canvas.o(i.lv_canvas_draw_line), (144 bytes).
    Removing lv_canvas.o(i.lv_canvas_draw_polygon), (128 bytes).
    Removing lv_canvas.o(i.lv_canvas_draw_rect), (160 bytes).
    Removing lv_canvas.o(i.lv_canvas_draw_text), (132 bytes).
    Removing lv_canvas.o(i.lv_canvas_fill_bg), (164 bytes).
    Removing lv_canvas.o(i.lv_canvas_get_img), (4 bytes).
    Removing lv_canvas.o(i.lv_canvas_get_px), (36 bytes).
    Removing lv_canvas.o(i.lv_canvas_set_buffer), (48 bytes).
    Removing lv_canvas.o(i.lv_canvas_set_palette), (20 bytes).
    Removing lv_canvas.o(i.lv_canvas_set_px_color), (20 bytes).
    Removing lv_canvas.o(i.lv_canvas_set_px_opa), (20 bytes).
    Removing lv_canvas.o(i.lv_canvas_transform), (292 bytes).
    Removing lv_canvas.o(i.lv_color_hex), (34 bytes).
    Removing lv_canvas.o(i.lv_obj_get_style_img_recolor), (6 bytes).
    Removing lv_canvas.o(.constdata), (28 bytes).
    Removing lv_img.o(i.lv_img_get_angle), (4 bytes).
    Removing lv_img.o(i.lv_img_get_antialias), (8 bytes).
    Removing lv_img.o(i.lv_img_get_offset_x), (6 bytes).
    Removing lv_img.o(i.lv_img_get_offset_y), (6 bytes).
    Removing lv_img.o(i.lv_img_get_pivot), (8 bytes).
    Removing lv_img.o(i.lv_img_get_size_mode), (10 bytes).
    Removing lv_img.o(i.lv_img_get_src), (4 bytes).
    Removing lv_img.o(i.lv_img_get_zoom), (4 bytes).
    Removing lv_img.o(i.lv_img_set_angle), (242 bytes).
    Removing lv_img.o(i.lv_img_set_antialias), (24 bytes).
    Removing lv_img.o(i.lv_img_set_offset_x), (18 bytes).
    Removing lv_img.o(i.lv_img_set_offset_y), (18 bytes).
    Removing lv_img.o(i.lv_img_set_pivot), (240 bytes).
    Removing lv_img.o(i.lv_img_set_size_mode), (22 bytes).
    Removing lv_img.o(i.lv_img_set_zoom), (248 bytes).
    Removing lv_label.o(i.lv_label_cut_text), (44 bytes).
    Removing lv_label.o(i.lv_label_get_long_mode), (10 bytes).
    Removing lv_label.o(i.lv_label_get_recolor), (10 bytes).
    Removing lv_label.o(i.lv_label_set_recolor), (26 bytes).
    Removing lv_label.o(i.lv_label_set_text_fmt), (80 bytes).
    Removing lv_label.o(i.lv_label_set_text_static), (52 bytes).
    Removing lv_line.o(i.lv_line_create), (24 bytes).
    Removing lv_line.o(i.lv_line_get_y_invert), (10 bytes).
    Removing lv_line.o(i.lv_line_set_points), (22 bytes).
    Removing lv_line.o(i.lv_line_set_y_invert), (22 bytes).
    Removing lv_textarea.o(i.lv_textarea_create), (24 bytes).
    Removing lv_textarea.o(i.lv_textarea_get_accepted_chars), (4 bytes).
    Removing lv_textarea.o(i.lv_textarea_get_cursor_click_pos), (10 bytes).
    Removing lv_textarea.o(i.lv_textarea_get_cursor_pos), (4 bytes).
    Removing lv_textarea.o(i.lv_textarea_get_label), (4 bytes).
    Removing lv_textarea.o(i.lv_textarea_get_max_length), (4 bytes).
    Removing lv_textarea.o(i.lv_textarea_get_password_mode), (10 bytes).
    Removing lv_textarea.o(i.lv_textarea_get_password_show_time), (4 bytes).
    Removing lv_textarea.o(i.lv_textarea_get_placeholder_text), (16 bytes).
    Removing lv_textarea.o(i.lv_textarea_get_text_selection), (10 bytes).
    Removing lv_textarea.o(i.lv_textarea_set_accepted_chars), (4 bytes).
    Removing lv_textarea.o(i.lv_textarea_set_align), (52 bytes).
    Removing lv_textarea.o(i.lv_textarea_set_insert_replace), (12 bytes).
    Removing lv_textarea.o(i.lv_textarea_set_max_length), (4 bytes).
    Removing lv_textarea.o(i.lv_textarea_set_password_bullet), (54 bytes).
    Removing lv_textarea.o(i.lv_textarea_set_password_mode), (108 bytes).
    Removing lv_textarea.o(i.lv_textarea_set_password_show_time), (4 bytes).
    Removing lv_textarea.o(i.lv_textarea_set_placeholder_text), (74 bytes).
    Removing lv_textarea.o(i.lv_textarea_set_text_selection), (22 bytes).
    Removing lv_textarea.o(i.lv_textarea_text_is_selected), (36 bytes).
    Removing lv_port_disp.o(.rev16_text), (4 bytes).
    Removing lv_port_disp.o(.revsh_text), (4 bytes).
    Removing lv_port_disp.o(i.disp_disable_update), (12 bytes).
    Removing lv_port_disp.o(i.disp_enable_update), (12 bytes).
    Removing lv_port_indev.o(.rev16_text), (4 bytes).
    Removing lv_port_indev.o(.revsh_text), (4 bytes).
    Removing list_1.o(i.list_back), (14 bytes).
    Removing list_1.o(i.list_empty), (12 bytes).
    Removing list_1.o(i.list_front), (10 bytes).
    Removing list_1.o(i.list_pop_back), (34 bytes).
    Removing list_1.o(i.list_pop_front), (34 bytes).
    Removing list_1.o(i.list_push_front), (28 bytes).
    Removing styled_spinbox.o(i.styled_spinbox_get_value), (20 bytes).
    Removing package.o(.rev16_text), (4 bytes).
    Removing package.o(.revsh_text), (4 bytes).
    Removing package.o(i.pack), (204 bytes).
    Removing message_handler.o(.rev16_text), (4 bytes).
    Removing message_handler.o(.revsh_text), (4 bytes).
    Removing gd32f4xx_it.o(.rev16_text), (4 bytes).
    Removing gd32f4xx_it.o(.revsh_text), (4 bytes).
    Removing main.o(.rev16_text), (4 bytes).
    Removing main.o(.revsh_text), (4 bytes).
    Removing debug.o(.rev16_text), (4 bytes).
    Removing debug.o(.revsh_text), (4 bytes).
    Removing esp8266.o(.rev16_text), (4 bytes).
    Removing esp8266.o(.revsh_text), (4 bytes).
    Removing st7796.o(.rev16_text), (4 bytes).
    Removing st7796.o(.revsh_text), (4 bytes).
    Removing gt911.o(.rev16_text), (4 bytes).
    Removing gt911.o(.revsh_text), (4 bytes).
    Removing dadd.o(.text), (334 bytes).
    Removing dmul.o(.text), (228 bytes).
    Removing ddiv.o(.text), (222 bytes).
    Removing dfixul.o(.text), (48 bytes).
    Removing cdrcmple.o(.text), (48 bytes).
    Removing depilogue.o(.text), (186 bytes).

1554 unused section(s) (total 84534 bytes) removed from the image.
